
 time at 二千零一年八月二十三日上午一时五分 ,taiyuan troop change from 2843 to 2743
 time at 二千零一年八月二十四日上午零时五十一分 ,zitong troop change from 1458 to 1358
 time at 二千零一年八月二十九日上午九时四十二分 ,jingyang troop change from 45637 to 45537
 time at 二千零一年九月一日上午八时六分 ,anding troop change from 2050 to 1950
 time at 二千零一年九月二日上午五时正 ,runan troop change from 5550 to 5450
 time at 二千零一年九月二日上午五时一分 ,runan troop change from 5450 to 5350
 time at 二千零一年九月二日上午五时二分 ,runan troop change from 5350 to 5250
 time at 二千零一年九月二日上午五时二十三分 ,wujun troop change from 10896 to 10796
 time at 二千零一年九月十日上午六时十三分 ,xianyang troop change from 1584 to 1484
 time at 二千零一年九月十日上午六时十三分 ,xianyang troop change from 1484 to 1425
 time at 二千零一年九月十日上午六时十三分 ,xianyang troop change from 1425 to 1366
 time at 二千零一年九月十日上午六时十四分 ,xianyang troop change from 1348 to 1289
 time at 二千零一年九月十日上午六时十四分 ,xianyang troop change from 1280 to 1221
 time at 二千零一年九月十日上午六时十七分 ,xianyang troop change from 1194 to 1135
 time at 二千零一年九月十日上午六时二十八分 ,xianyang troop change from 1117 to 1058
 time at 二千零一年九月十日上午六时二十八分 ,xianyang troop change from 1058 to 999
 time at 二千零一年九月十日上午六时二十八分 ,xianyang troop change from 990 to 931
 time at 二千零一年九月十日上午六时二十八分 ,xianyang troop change from 922 to 863
 time at 二千零一年九月十日上午六时二十八分 ,xianyang troop change from 854 to 795
 time at 二千零一年九月十日上午六时三十分 ,xianyang troop change from 777 to 718
 time at 二千零一年九月十日上午六时三十分 ,xianyang troop change from 718 to 659
 time at 二千零一年九月十日上午六时三十分 ,xianyang troop change from 659 to 600
 time at 二千零一年九月十日上午六时三十分 ,xianyang troop change from 591 to 532
 time at 二千零一年九月十日上午六时三十一分 ,xianyang troop change from 523 to 464
 time at 二千零一年九月十日上午六时三十四分 ,xianyang troop change from 437 to 378
 time at 二千零一年九月十日上午六时三十四分 ,xianyang troop change from 378 to 319
 time at 二千零一年九月十日上午六时三十四分 ,xianyang troop change from 310 to 251
 time at 二千零一年九月十日上午六时三十四分 ,xianyang troop change from 242 to 183
 time at 二千零一年九月十日上午六时三十四分 ,xianyang troop change from 174 to 115
 time at 二千零一年九月十日上午六时三十八分 ,xianyang troop change from 106 to 47
 time at 二千零一年九月十日上午六时三十九分 ,xianyang troop change from 47 to 47
 time at 二千零一年九月十日上午六时三十九分 ,xianyang troop change from 47 to 47
 time at 二千零一年十二月四日上午六时二十三分 ,jiangling level 2 farmers change from 800 to 700
 time at 二千零二年一月八日上午零时四十七分 ,nanpi troop change from 38107 to 38007
 time at 二千零二年一月八日上午一时二十一分 ,nanpi troop change from 38457 to 38357
 time at 二千零二年一月八日上午一时二十一分 ,nanpi troop change from 38357 to 38257
 time at 二千零二年一月八日上午一时二十五分 ,nanpi troop change from 38407 to 38307
 time at 二千零二年二月六日下午十一时三十五分 ,wujun troop change from 22364 to 22264
 time at 二千零二年二月六日下午十一时四十分 ,wujun troop change from 22314 to 22214
 time at 二千零二年二月六日下午十一时五十四分 ,wujun troop change from 22314 to 22214
 time at 二千零二年二月六日下午十一时五十五分 ,wujun troop change from 22264 to 22164
 time at 二千零二年二月六日下午十一时五十八分 ,wujun troop change from 22164 to 22064
 time at 二千零二年二月七日上午零时一分 ,wujun troop change from 22114 to 22014
 time at 二千零二年二月七日上午零时二分 ,wujun troop change from 22014 to 21914
 time at 二千零二年二月七日上午零时二分 ,wujun troop change from 21914 to 21814
 time at 二千零二年二月七日上午零时十分 ,wujun troop change from 21964 to 21864
 time at 二千零二年二月七日上午零时十分 ,wujun troop change from 21864 to 21764
 time at 二千零二年二月七日上午零时十五分 ,wujun troop change from 21764 to 21664
 time at 二千零二年二月七日上午零时十六分 ,wujun troop change from 21714 to 21614
 time at 二千零二年二月七日上午零时十七分 ,wujun troop change from 21614 to 21514
 time at 二千零二年二月七日上午零时十九分 ,wujun troop change from 21514 to 21414
 time at 二千零二年二月七日上午零时二十一分 ,wujun troop change from 21414 to 21314
 time at 二千零二年二月七日上午零时二十二分 ,wujun troop change from 21314 to 21214
 time at 二千零二年二月七日上午零时二十六分 ,wujun troop change from 21214 to 21114
 time at 二千零二年二月七日上午零时二十六分 ,wujun troop change from 21114 to 21014
 time at 二千零二年二月七日上午零时二十六分 ,wujun troop change from 21014 to 20914
 time at 二千零二年二月七日上午一时三十八分 ,wujun troop change from 21364 to 21264
 time at 二千零二年二月二十一日上午零时二十二分 ,puyang troop change from 1700 to 1600
 time at 二千零二年二月二十一日上午零时二十三分 ,puyang troop change from 1600 to 1500
 time at 二千零二年二月二十一日上午零时二十九分 ,puyang troop change from 1650 to 1550
 time at 二千零二年二月二十一日上午零时三十七分 ,puyang troop change from 1600 to 1500
 time at 二千零二年二月二十一日上午零时三十七分 ,puyang troop change from 1500 to 1400
 time at 二千零二年二月二十一日上午零时三十七分 ,puyang troop change from 1400 to 1300
 time at 二千零二年二月二十一日上午零时三十八分 ,puyang troop change from 1300 to 1200
 time at 二千零二年二月二十一日上午零时四十三分 ,kuaiji troop change from 10000 to 9900
 time at 二千零二年二月二十一日上午零时四十五分 ,kuaiji troop change from 9950 to 9850
 time at 二千零二年二月二十一日上午零时五十七分 ,puyang troop change from 1350 to 1250
 time at 二千零二年二月二十一日下午四时五十六分 ,dingtao troop change from 1200 to 1100
 time at 二千零二年二月二十一日下午五时五分 ,dingtao troop change from 1100 to 1000
 time at 二千零二年二月二十一日下午五时十二分 ,wujun troop change from 7109 to 7009
 time at 二千零二年二月二十一日下午五时二十七分 ,wujun troop change from 7109 to 7009
 time at 二千零二年二月二十一日下午五时三十分 ,wujun troop change from 7059 to 6959
 time at 二千零二年二月二十一日下午五时五十八分 ,xianyang level 4 farmers change from 4450 to 4350
 time at 二千零二年二月二十一日下午五时五十九分 ,wujun troop change from 7259 to 7159
 time at 二千零二年二月二十一日下午六时二分 ,yongan troop change from 2898 to 2798
 time at 二千零二年二月二十一日下午六时五分 ,wujun troop change from 7209 to 7109
 time at 二千零二年二月二十一日下午六时十九分 ,wujun troop change from 7109 to 7009
 time at 二千零二年二月二十一日下午六时二十一分 ,wujun troop change from 7009 to 6909
 time at 二千零二年二月二十一日下午六时二十二分 ,wujun troop change from 6909 to 6809
 time at 二千零二年二月二十一日下午六时二十三分 ,wujun troop change from 6809 to 6709
 time at 二千零二年二月二十一日下午六时二十六分 ,wujun troop change from 6709 to 6609
 time at 二千零二年二月二十一日下午六时五十九分 ,wujun troop change from 6609 to 6509
 time at 二千零二年二月二十一日下午九时九分 ,dingtao troop change from 700 to 600
 time at 二千零二年二月二十一日下午十时正 ,dingtao troop change from 850 to 750
 time at 二千零二年二月二十一日下午十时八分 ,dingtao troop change from 750 to 650
 time at 二千零二年二月二十一日下午十时二十二分 ,dingtao troop change from 700 to 600
 time at 二千零二年二月二十一日下午十时二十八分 ,dingtao troop change from 650 to 550
 time at 二千零二年二月二十一日下午十时三十一分 ,dingtao troop change from 550 to 500
 time at 二千零二年二月二十一日下午十时三十七分 ,xianyang troop change from 1676 to 1576
 time at 二千零二年二月二十一日下午十时四十四分 ,dingtao troop change from 650 to 650
 time at 二千零二年二月二十一日下午十时四十八分 ,dingtao troop change from 700 to 600
 time at 二千零二年二月二十一日下午十时四十九分 ,dingtao troop change from 600 to 550
 time at 二千零二年二月二十二日下午七时五十一分 ,kuaiji troop change from 5001 to 4901
 time at 二千零二年二月二十二日下午七时五十九分 ,kuaiji troop change from 4951 to 4851
 time at 二千零二年二月二十二日下午八时十二分 ,kuaiji troop change from 5051 to 4951
 time at 二千零二年二月二十二日下午八时二十四分 ,kuaiji troop change from 5001 to 4901
 time at 二千零二年二月二十二日下午八时三十一分 ,yongan troop change from 9275 to 9175
 time at 二千零二年二月二十二日下午九时二十分 ,kuaiji troop change from 5601 to 5501
 time at 二千零二年二月二十二日下午十时十六分 ,puyang troop change from 250 to 150
 time at 二千零二年二月二十二日下午十时二十九分 ,kuaiji troop change from 6751 to 6651
 time at 二千零二年二月二十二日下午十时三十分 ,kuaiji troop change from 6751 to 6651
 time at 二千零二年二月二十二日下午十时三十一分 ,kuaiji troop change from 6701 to 6601
 time at 二千零二年二月二十二日下午十时三十五分 ,kuaiji troop change from 6601 to 6501
 time at 二千零二年二月二十二日下午十时三十六分 ,kuaiji troop change from 6501 to 6401
 time at 二千零二年二月二十二日下午十时三十七分 ,kuaiji troop change from 6401 to 6301
 time at 二千零二年二月二十二日下午十时四十七分 ,shangyong troop change from 2426 to 2326
 time at 二千零二年二月二十二日下午十时五十一分 ,kuaiji troop change from 20514 to 20414
 time at 二千零二年二月二十二日下午十时五十七分 ,kuaiji troop change from 3151 to 3101
 time at 二千零二年二月二十二日下午十时五十八分 ,kuaiji troop change from 3101 to 3051
 time at 二千零二年二月二十二日下午十时五十九分 ,kuaiji troop change from 3051 to 3001
 time at 二千零二年二月二十二日下午十一时五分 ,kuaiji troop change from 3051 to 3051
 time at 二千零二年二月二十二日下午十一时十一分 ,kuaiji troop change from 3151 to 3051
 time at 二千零二年二月二十二日下午十一时十三分 ,kuaiji troop change from 3051 to 3001
 time at 二千零二年二月二十二日下午十一时十四分 ,kuaiji troop change from 3001 to 2951
 time at 二千零二年二月二十二日下午十一时十五分 ,kuaiji troop change from 20345 to 20245
 time at 二千零二年二月二十二日下午十一时二十二分 ,kuaiji troop change from 2951 to 2851
 time at 二千零二年二月二十三日上午一时五十六分 ,kuaiji troop change from 1950 to 1850
 time at 二千零二年二月二十三日上午一时五十七分 ,kuaiji troop change from 1850 to 1750
 time at 二千零二年二月二十三日上午二时十一分 ,kuaiji troop change from 1850 to 1750
 time at 二千零二年二月二十三日上午二时十五分 ,yongan troop change from 2750 to 2650
 time at 二千零二年二月二十三日上午二时十六分 ,kuaiji troop change from 1750 to 1650
 time at 二千零二年二月二十三日上午二时二十二分 ,kuaiji troop change from 1650 to 1550
 time at 二千零二年二月二十三日上午二时二十四分 ,kuaiji troop change from 1650 to 1550
 time at 二千零二年二月二十三日上午六时四十九分 ,kuaiji troop change from 3800 to 3700
 time at 二千零二年二月二十三日上午六时五十八分 ,kuaiji troop change from 3750 to 3650
 time at 二千零二年二月二十三日上午七时七分 ,kuaiji troop change from 3800 to 3700
 time at 二千零二年二月二十三日上午七时十分 ,kuaiji troop change from 3750 to 3650
 time at 二千零二年二月二十三日上午七时十一分 ,kuaiji troop change from 3650 to 3550
 time at 二千零二年二月二十三日上午七时二十八分 ,kuaiji troop change from 3750 to 3650
 time at 二千零二年二月二十三日上午七时三十一分 ,kuaiji troop change from 3700 to 3600
 time at 二千零二年二月二十三日上午七时四十三分 ,kuaiji troop change from 3700 to 3600
 time at 二千零二年二月二十三日上午七时五十四分 ,yongan troop change from 3950 to 3850
 time at 二千零二年二月二十三日上午八时四十九分 ,jinyang troop change from 100 to 0
 time at 二千零二年二月二十三日上午九时一分 ,yongan troop change from 4250 to 4150
 time at 二千零二年二月二十三日上午九时八分 ,kuaiji troop change from 4450 to 4350
 time at 二千零二年二月二十四日下午八时三十四分 ,kuaiji troop change from 13568 to 13468
 time at 二千零二年二月二十四日下午八时三十八分 ,kuaiji troop change from 13518 to 13418
 time at 二千零二年二月二十四日下午八时四十三分 ,kuaiji troop change from 13518 to 13418
 time at 二千零二年二月二十四日下午八时五十三分 ,kuaiji troop change from 13718 to 13618
 time at 二千零二年二月二十四日下午八时五十七分 ,kuaiji troop change from 13618 to 13518
 time at 二千零二年二月二十五日上午四时五十三分 ,huaiyin troop change from 3400 to 3300
 time at 二千零二年二月二十六日下午七时九分 ,jiangxia troop change from 9150 to 9050
 time at 二千零二年二月二十七日上午二时十五分 ,jiangxia troop change from 14500 to 14400
 time at 二千零二年二月二十七日上午三时六分 ,jiangxia troop change from 14700 to 14600
 time at 二千零二年二月二十七日上午三时二十分 ,puyang troop change from 1300 to 1200
 time at 二千零二年二月二十七日上午三时二十三分 ,jiangxia troop change from 14750 to 14650
 time at 二千零二年二月二十七日上午三时二十五分 ,jiangxia troop change from 14700 to 14600
 time at 二千零二年二月二十七日上午三时二十六分 ,jiangxia troop change from 14600 to 14500
 time at 二千零二年二月二十七日上午三时二十八分 ,jiangxia troop change from 14500 to 14400
 time at 二千零二年二月二十七日上午三时三十五分 ,jiangxia troop change from 14500 to 14400
 time at 二千零二年二月二十七日上午四时五十四分 ,dingtao troop change from 550 to 450
 time at 二千零二年二月二十七日上午四时五十七分 ,jiangxia troop change from 15750 to 15650
 time at 二千零二年二月二十七日上午五时五十一分 ,jiangxia troop change from 16150 to 16050
 time at 二千零二年二月二十七日上午五时五十三分 ,jiangxia troop change from 16200 to 16100
 time at 二千零二年二月二十七日上午六时十分 ,jiangxia troop change from 16400 to 16300
 time at 二千零二年二月二十七日下午三时二十分 ,huaiyin troop change from 7850 to 7750
 time at 二千零二年二月二十七日下午三时二十二分 ,huaiyin troop change from 7800 to 7700
 time at 二千零二年二月二十七日下午三时四十三分 ,huaiyin troop change from 7750 to 7650
 time at 二千零二年二月二十七日下午三时四十五分 ,huaiyin troop change from 7650 to 7550
 time at 二千零二年二月二十七日下午三时四十六分 ,huaiyin troop change from 7550 to 7450
 time at 二千零二年二月二十七日下午三时五十一分 ,huaiyin troop change from 7500 to 7400
 time at 二千零二年二月二十七日下午三时五十八分 ,huaiyin troop change from 7500 to 7400
 time at 二千零二年二月二十七日下午四时二十二分 ,huaiyin troop change from 7600 to 7500
 time at 二千零二年二月二十八日上午四时五十九分 ,yongan troop change from 500 to 400
 time at 二千零二年三月一日上午五时二十分 ,kuaiji troop change from 5583 to 5483
 time at 二千零二年三月一日下午五时七分 ,kuaiji troop change from 8883 to 8783
 time at 二千零二年三月四日上午一时十一分 ,jiangxia troop change from 14849 to 14749
 time at 二千零二年三月四日下午二时三十三分 ,huaiyin troop change from 11550 to 11450
 time at 二千零二年三月四日下午十时十分 ,jiangxia troop change from 1600 to 1500
 time at 二千零二年三月四日下午十时十三分 ,jiangxia troop change from 1550 to 1450
 time at 二千零二年三月四日下午十时三十九分 ,huaiyin troop change from 3300 to 3200
 time at 二千零二年三月五日上午一时十二分 ,jiangxia troop change from 4150 to 4050
 time at 二千零二年七月十二日下午八时二十二分 ,runan troop change from 11550 to 11450
 time at 二千零二年七月十二日下午八时二十六分 ,runan troop change from 11500 to 11400
 time at 二千零二年七月十三日下午八时二十三分 ,dingjunshan troop change from 950 to 850
 time at 二千零二年七月十三日下午八时四十五分 ,jiange troop change from 650 to 550
 time at 二千零二年七月十三日下午九时三十五分 ,dingjunshan troop change from 1200 to 1100
 time at 二千零二年七月十三日下午九时三十六分 ,dingjunshan troop change from 1150 to 1050
 time at 二千零二年七月十三日下午九时四十一分 ,dingjunshan troop change from 1050 to 950
 time at 二千零二年七月十三日下午九时四十三分 ,dingjunshan troop change from 950 to 850
 time at 二千零二年七月十三日下午九时四十四分 ,runan troop change from 3500 to 3400
 time at 二千零二年七月十三日下午九时四十八分 ,dingjunshan troop change from 850 to 750
 time at 二千零二年七月十三日下午九时四十九分 ,dingjunshan troop change from 750 to 650
 time at 二千零二年七月十三日下午十一时六分 ,jiange troop change from 750 to 650
 time at 二千零三年四月十六日上午零时五十五分 ,jiangling troop change from 1600 to 1500
 time at 二千零三年九月十九日下午九时十分 ,nanpi level 2 farmers change from 1000 to 900
 time at 二千零三年九月十九日下午九时十六分 ,nanpi level 2 farmers change from 1100 to 1000
 time at 二千零三年九月十九日下午九时二十四分 ,nanpi level 2 farmers change from 1300 to 1200
 time at 二千零三年十一月三十日下午七时四十一分 ,xuzhou troop change from 2900 to 2800
 time at 二千零三年十二月二日上午八时四分 ,xuzhou troop change from 4000 to 3900
 time at 二千零三年十二月二日上午八时五分 ,xuzhou troop change from 3900 to 3800
 time at 二千零三年十二月二日上午八时十一分 ,xuzhou troop change from 3800 to 3700
 time at 二千零三年十二月二日上午八时二十四分 ,xuzhou troop change from 3700 to 3600
 time at 二千零三年十二月五日上午十一时四十三分 ,tianshui troop change from 1050 to 950
 time at 二千零三年十二月五日下午六时五十分 ,xuzhou troop change from 6226 to 6126
 time at 二千零三年十二月五日下午七时三十八分 ,xuzhou troop change from 6126 to 6026
 time at 二千零三年十二月八日下午四时二十一分 ,wujun troop change from 1050 to 950
 time at 二千零三年十二月八日下午四时二十三分 ,wujun troop change from 950 to 850
 time at 二千零三年十二月八日下午四时二十四分 ,wujun troop change from 850 to 750
 time at 二千零三年十二月八日下午八时五分 ,xuzhou troop change from 500 to 400
 time at 二千零三年十二月九日上午十一时四十八分 ,wujun troop change from 1700 to 1600
 time at 二千零三年十二月十日下午五时四十四分 ,wujun troop change from 2350 to 2250
 time at 二千零三年十二月十五日下午九时四十四分 ,xuzhou troop change from 2100 to 2000
 time at 二千零三年十二月十五日下午九时五十七分 ,qiao troop change from 1500 to 1400
 time at 二千零三年十二月十五日下午十一时十六分 ,qiao troop change from 1400 to 1300
 time at 二千零三年十二月十五日下午十一时十六分 ,qiao troop change from 1300 to 1200
 time at 二千零三年十二月十六日上午零时十五分 ,xuzhou troop change from 2000 to 1900
 time at 二千零三年十二月十六日上午零时十七分 ,xuzhou troop change from 1900 to 1800
 time at 二千零三年十二月十六日上午零时十八分 ,xuzhou troop change from 1800 to 1700
 time at 二千零三年十二月十六日上午零时二十二分 ,xuzhou troop change from 1700 to 1600
 time at 二千零三年十二月十六日上午零时二十六分 ,xuzhou troop change from 1600 to 1500
 time at 二千零三年十二月十六日上午零时三十三分 ,qiao troop change from 1200 to 1100
 time at 二千零三年十二月十六日上午零时四十一分 ,qiao troop change from 1100 to 1000
 time at 二千零三年十二月十六日上午零时五十一分 ,xuzhou troop change from 1500 to 1400
 time at 二千零三年十二月十六日上午零时五十二分 ,xuzhou troop change from 1400 to 1300
 time at 二千零三年十二月十六日上午零时五十四分 ,qiao troop change from 1000 to 900
 time at 二千零三年十二月十六日上午零时五十五分 ,qiao troop change from 900 to 800
 time at 二千零三年十二月十六日上午零时五十六分 ,qiao troop change from 800 to 700
 time at 二千零三年十二月十六日上午一时四分 ,xuzhou troop change from 1350 to 1250
 time at 二千零三年十二月十六日上午一时四分 ,qiao troop change from 700 to 650
 time at 二千零三年十二月十六日上午一时五分 ,xuzhou troop change from 1250 to 1150
 time at 二千零三年十二月十六日上午一时十一分 ,xuzhou troop change from 1150 to 1050
 time at 二千零三年十二月十六日上午一时十七分 ,xuzhou troop change from 1050 to 1000
 time at 二千零三年十二月十六日上午一时十八分 ,qiao troop change from 650 to 600
 time at 二千零三年十二月十六日上午一时二十三分 ,xuzhou troop change from 1000 to 950
 time at 二千零三年十二月十六日上午一时二十六分 ,qiao troop change from 600 to 550
 time at 二千零三年十二月十六日上午一时二十九分 ,xuzhou troop change from 950 to 900
 time at 二千零三年十二月十六日上午一时二十九分 ,xuzhou troop change from 900 to 850
 time at 二千零三年十二月十六日上午一时五十一分 ,xuzhou troop change from 850 to 800
 time at 二千零三年十二月十六日下午五时四十分 ,ye troop change from 9780 to 9680
 time at 二千零三年十二月十六日下午八时二十五分 ,ye troop change from 11087 to 10987
 time at 二千零三年十二月十六日下午九时十七分 ,wujun troop change from 3465 to 3365
 time at 二千零三年十二月十七日上午八时四十二分 ,qiao troop change from 4309 to 4209
 time at 二千零三年十二月十七日上午九时二十一分 ,wujun troop change from 3915 to 3815
 time at 二千零三年十二月十七日上午九时四十分 ,wujun troop change from 3815 to 3715
 time at 二千零三年十二月十七日下午一时三十二分 ,ye troop change from 10987 to 10887
 time at 二千零三年十二月十七日下午四时二十六分 ,tianshui troop change from 450 to 350
 time at 二千零三年十二月十七日下午六时十三分 ,wujun troop change from 3715 to 3615
 time at 二千零三年十二月十七日下午八时十一分 ,ye troop change from 0 to 0
 time at 二千零三年十二月十七日下午八时十九分 ,xuzhou troop change from 3284 to 3184
 time at 二千零三年十二月十七日下午八时三十六分 ,ye troop change from 0 to 0
 time at 二千零三年十二月十七日下午八时三十六分 ,ye troop change from 0 to 0
 time at 二千零三年十二月十七日下午十时十分 ,xuzhou troop change from 3184 to 3084
 time at 二千零三年十二月十七日下午十一时二十六分 ,ye troop change from 0 to 0
 time at 二千零三年十二月十八日下午二时二十三分 ,ye troop change from 0 to 0
 time at 二千零三年十二月十八日下午二时四十分 ,changan level 3 farmers change from 700 to 600
 time at 二千零三年十二月十八日下午三时五十分 ,xiangyang troop change from 20938 to 20838
 time at 二千零三年十二月十八日下午六时十八分 ,ye troop change from 1174 to 1074
 time at 二千零三年十二月十八日下午六时二十七分 ,xiangyang troop change from 23886 to 23786
 time at 二千零三年十二月十八日下午六时三十五分 ,hanzhong troop change from 996 to 896
 time at 二千零三年十二月十八日下午九时十九分 ,qiao troop change from 0 to 0
 time at 二千零三年十二月十九日上午零时七分 ,xiangyang troop change from 23786 to 23686
 time at 二千零三年十二月十九日上午零时十一分 ,xiangyang troop change from 23686 to 23586
 time at 二千零三年十二月十九日上午零时十七分 ,xiangyang troop change from 23586 to 23486
 time at 二千零三年十二月十九日上午零时二十一分 ,xiangyang troop change from 23486 to 23386
 time at 二千零三年十二月十九日上午零时二十二分 ,xiangyang troop change from 23386 to 23286
 time at 二千零三年十二月十九日上午零时二十四分 ,xiangyang troop change from 23286 to 23186
 time at 二千零三年十二月十九日上午零时二十六分 ,xiangyang troop change from 23186 to 23086
 time at 二千零三年十二月十九日上午零时二十八分 ,xiangyang troop change from 23086 to 22986
 time at 二千零三年十二月十九日上午零时四十一分 ,xiangyang troop change from 22986 to 22886
 time at 二千零三年十二月十九日上午一时正 ,xiangyang troop change from 22886 to 22786
 time at 二千零三年十二月十九日上午四时八分 ,jiangxia troop change from 22811 to 22711
 time at 二千零三年十二月十九日下午一时四十五分 ,jiangxia troop change from 23161 to 23061
 time at 二千零三年十二月二十日下午一时一分 ,chaisang troop change from 12308 to 12208
 time at 二千零三年十二月二十一日上午十一时三十八分 ,yuzhang troop change from 3655 to 3555
 time at 二千零三年十二月二十一日下午八时二十三分 ,ye troop change from 2472 to 2372
 time at 二千零四年一月二日下午十时二十四分 ,xiangyang troop change from 61634 to 61534
 time at 二千零四年一月二日下午十时二十五分 ,xiangyang troop change from 61484 to 61384