2011年 08月 20日 星期六 04:18:44 CST
using config file: ./config.sgz
----------------------------------------------------------------------------
三国志总站 (MudOS v22.2a21) starting up on Linux - Sat Aug 20 04:18:44 2011



Loading preloaded files ...
Initializations complete.

Accepting connections on port 7878.
]士兵行动力不足，难以使用奋发。

]士兵行动力不足，难以使用奋发。

]士兵行动力不足，难以使用奋发。

]士兵行动力不足，难以使用奋发。

]Starting scan ...

]Scanning / ...

]Scanning /WWW/ ...

]Scanning /WWW.bak/ ...

]Scanning /a/ ...

]Scanning /cmds/ ...

]Scanning /contrib/ ...

]Scanning /daemons/ ...

]Scanning /domains/ ...

]Scanning /kungfu/ ...

]Scanning /obj/ ...

]Scanning /recycle/ ...

]Scanning /secure/ ...

]Scanning /sgdomain/ ...

]Scanning /std/ ...

]Scanning /trans/ ...

]Scanning /wiz/ ...

]Scanning /worklog/ ...

]Scanning /WWW/cgi/ ...

]Scanning /WWW.bak/cgi/ ...

]Scanning /WWW.bak/help/ ...

]Scanning /WWW.bak/images/ ...

]Scanning /a/anding/ ...

]Scanning /a/bailangshan/ ...

]Scanning /a/baima/ ...

]Scanning /a/bowangpo/ ...

]Scanning /a/chaisang/ ...

]Scanning /a/changan/ ...

]Scanning /a/changbanpo/ ...

]Scanning /a/chibi/ ...

]Scanning /a/daixian/ ...

]Scanning /a/dingtao/ ...

]Scanning /a/gongan/ ...

]Scanning /a/hangu/ ...

]Scanning /a/hongnong/ ...

]Scanning /a/huayin/ ...

]Scanning /a/jiangling/ ...

]Scanning /a/jiangxia/ ...

]Scanning /a/jingyang/ ...

]Scanning /a/longxi/ ...

]Scanning /a/longxi1/ ...

]Scanning /a/nanpi/ ...

]Scanning /a/poyang/ ...

]Scanning /a/qiantang/ ...

]Scanning /a/qiao/ ...

]Scanning /a/shangdang/ ...

]Scanning /a/taiyuan/ ...

]Scanning /a/tianshui/ ...

]Scanning /a/tianshui1/ ...

]Scanning /a/tongguan/ ...

]Scanning /a/warroom/ ...

]Scanning /a/wuguan/ ...

]Scanning /a/wuling/ ...

]Scanning /a/wuzhangyuan/ ...

]Scanning /a/xiangyang/ ...

]Scanning /a/xianyang/ ...

]Scanning /a/xuchang/ ...

]Scanning /a/yanmenguan/ ...

]Scanning /a/yiling/ ...

]Scanning /a/yunnan/ ...

]Scanning /cmds/area/ ...

]Scanning /cmds/player/ ...

]Scanning /cmds/verb/ ...

]Scanning /cmds/verbs/ ...

]Scanning /cmds/wiz/ ...

]Scanning /daemons/area_d/ ...

]Scanning /daemons/base_d/ ...

]Scanning /daemons/channel/ ...

]Scanning /daemons/char_d/ ...

]Scanning /daemons/country_d/ ...

]Scanning /daemons/fight_d/ ...

]Scanning /daemons/gini_d/ ...

]Scanning /daemons/imud/ ...

]Scanning /daemons/messages_d/ ...

]Scanning /daemons/messages_d_old/ ...

]Scanning /daemons/nation_channel_d/ ...

]Scanning /daemons/troop_d/ ...

]Scanning /daemons/union_d/ ...

]Scanning /daemons/warai_d/ ...

]Scanning /domains/std/ ...

]Scanning /kungfu/skill/ ...

]Scanning /secure/daemons/ ...

]Scanning /secure/modules/ ...

]Scanning /secure/obj/ ...

]Scanning /secure/simul_efun/ ...

]Scanning /secure/user/ ...

]Scanning /sgdomain/area/ ...

]Scanning /sgdomain/base/ ...

]Scanning /sgdomain/cmd/ ...

]Scanning /sgdomain/conditions/ ...

]Scanning /sgdomain/event/ ...

]Scanning /sgdomain/home/ ...

]Scanning /sgdomain/jieyi/ ...

]Scanning /sgdomain/jimou/ ...

]Scanning /sgdomain/job/ ...

]Scanning /sgdomain/menu/ ...

]Scanning /sgdomain/modules/ ...

]Scanning /sgdomain/museum/ ...

]Scanning /sgdomain/npc/ ...

]Scanning /sgdomain/obj/ ...

]Scanning /sgdomain/prison/ ...

]Scanning /sgdomain/robot/ ...

]Scanning /sgdomain/troops/ ...

]Scanning /sgdomain/txt/ ...

]Scanning /sgdomain/yizhan/ ...

]Scanning /std/adt/ ...

]Scanning /std/body/ ...

]Scanning /std/classes/ ...

]Scanning /std/container/ ...

]Scanning /std/living/ ...

]Scanning /std/modules/ ...

]Scanning /std/monster/ ...

]Scanning /std/object/ ...

]Scanning /std/race/ ...

]Scanning /std/room/ ...

]Scanning /trans/cmds/ ...

]Scanning /trans/obj/ ...

]Scanning /trans/tmp/ ...

]Scanning /wiz/admii/ ...

]Scanning /wiz/bamboo/ ...

]Scanning /wiz/beans/ ...

]Scanning /wiz/benben/ ...

]Scanning /wiz/ccc/ ...

]Scanning /wiz/chun/ ...

]Scanning /wiz/corydon/ ...

]Scanning /wiz/damii/ ...

]Scanning /wiz/dreamfly/ ...

]Scanning /wiz/edc/ ...

]Scanning /wiz/emperor/ ...

]Scanning /wiz/fire/ ...

]Scanning /wiz/firec/ ...

]Scanning /wiz/flee/ ...

]Scanning /wiz/ghyg/ ...

]Scanning /wiz/group/ ...

]Scanning /wiz/guanfeng/ ...

]Scanning /wiz/huaer/ ...

]Scanning /wiz/ice/ ...

]Scanning /wiz/laoda/ ...

]Scanning /wiz/lcm/ ...

]Scanning /wiz/lei/ ...

]Scanning /wiz/listen/ ...

]Scanning /wiz/litmann/ ...

]Scanning /wiz/liz/ ...

]Scanning /wiz/ljty/ ...

]Scanning /wiz/lovefish/ ...

]Scanning /wiz/loveyou/ ...

]Scanning /wiz/mimi/ ...

]Scanning /wiz/net/ ...

]Scanning /wiz/nono/ ...

]Scanning /wiz/onesigh/ ...

]Scanning /wiz/pickle/ ...

]Scanning /wiz/rain/ ...

]Scanning /wiz/roro/ ...

]Scanning /wiz/rough/ ...

]Scanning /wiz/row/ ...

]Scanning /wiz/shaoyng/ ...

]Scanning /wiz/softwind/ ...

]Scanning /wiz/starrock/ ...

]Scanning /wiz/stefan/ ...

]Scanning /wiz/suicide/ ...

]Scanning /wiz/swallow/ ...

]Scanning /wiz/tit/ ...

]Scanning /wiz/tset/ ...

]Scanning /wiz/ultra/ ...

]Scanning /wiz/valley/ ...

]Scanning /wiz/xiaobai/ ...

]Scanning /wiz/xiaolong/ ...

]Scanning /wiz/yesh/ ...

]Scanning /wiz/yue/ ...

]Scanning /wiz/yuner/ ...

]Scanning /wiz/yuyin/ ...

]Scanning /wiz/zhanpu/ ...

]Scanning /wiz/ziguang/ ...

]Scanning /WWW.bak/cgi/bak/ ...

]Scanning /cmds/wiz/temp/ ...

]Scanning /domains/std/monsters/ ...

]Scanning /domains/std/objects/ ...

]Scanning /domains/std/rooms/ ...

]Scanning /domains/std/spells/ ...

]Scanning /secure/obj/cmd/ ...

]Scanning /secure/obj/mailers/ ...

]Scanning /secure/obj/shell/ ...

]Scanning /sgdomain/area/cities/ ...

]Scanning /sgdomain/area/emp/ ...

]Scanning /sgdomain/area/guan/ ...

]Scanning /sgdomain/area/marriage/ ...

]Scanning /sgdomain/area/town/ ...

]Scanning /sgdomain/base/npc/ ...

]Scanning /sgdomain/base/pic/ ...

]Scanning /sgdomain/base/room/ ...

]Scanning /sgdomain/event/ev_bwdh/ ...

]Scanning /sgdomain/event/ev_fate/ ...

]Scanning /sgdomain/event/ev_guard/ ...

]Scanning /sgdomain/event/ev_king/ ...

]Scanning /sgdomain/event/ev_localmeeting/ ...

]Scanning /sgdomain/event/ev_merchant/ ...

]Scanning /sgdomain/event/ev_tribe/ ...

]Scanning /sgdomain/event/war/ ...

]Scanning /sgdomain/home/funs/ ...

]Scanning /sgdomain/home/npc/ ...

]Scanning /sgdomain/home/pic/ ...

]Scanning /sgdomain/home/room/ ...

]Scanning /sgdomain/job/askobj/ ...

]Scanning /sgdomain/job/bugao/ ...

]Scanning /sgdomain/job/buildbase/ ...

]Scanning /sgdomain/job/choppork/ ...

]Scanning /sgdomain/job/chopwoods/ ...

]Scanning /sgdomain/job/digsoil/ ...

]Scanning /sgdomain/job/fanpeople/ ...

]Scanning /sgdomain/job/feedgoat/ ...

]Scanning /sgdomain/job/findbody/ ...

]Scanning /sgdomain/job/fishing/ ...

]Scanning /sgdomain/job/gethead/ ...

]Scanning /sgdomain/job/huatuo/ ...

]Scanning /sgdomain/job/landlord/ ...

]Scanning /sgdomain/job/letter/ ...

]Scanning /sgdomain/job/localbuy/ ...

]Scanning /sgdomain/job/makedoufu/ ...

]Scanning /sgdomain/job/patrol/ ...

]Scanning /sgdomain/job/recruit/ ...

]Scanning /sgdomain/job/searchwise/ ...

]Scanning /sgdomain/job/setppl/ ...

]Scanning /sgdomain/job/spy/ ...

]Scanning /sgdomain/job/visitofficer/ ...

]Scanning /sgdomain/job/visitpeople/ ...

]Scanning /sgdomain/job/visitwise/ ...

]Scanning /sgdomain/job/waterflower/ ...

]Scanning /sgdomain/job/weavesandals/ ...

]Scanning /sgdomain/job/whisper/ ...

]Scanning /sgdomain/job/xuzijiang/ ...

]Scanning /sgdomain/job/yuji/ ...

]Scanning /sgdomain/job/zuoci/ ...

]Scanning /sgdomain/modules/m_charnpc/ ...

]Scanning /sgdomain/obj/cloth/ ...

]Scanning /sgdomain/obj/door/ ...

]Scanning /sgdomain/obj/foodanddrink/ ...

]Scanning /sgdomain/obj/horse/ ...

]Scanning /sgdomain/obj/money/ ...

]Scanning /sgdomain/obj/other/ ...

]Scanning /sgdomain/obj/weapon/ ...

]Scanning /sgdomain/robot/senbak/ ...

]Scanning /sgdomain/robot/sennew/ ...

]Scanning /sgdomain/robot/sentence/ ...

]Scanning /sgdomain/txt/maps/ ...

]Scanning /sgdomain/txt/other/ ...

]Scanning /sgdomain/txt/pic/ ...

]Scanning /sgdomain/txt/roompic/ ...

]Scanning /sgdomain/txt/warmap/ ...

]Scanning /sgdomain/txt/welcome/ ...

]Scanning /std/modules/contrib/ ...

]Scanning /std/monster/base/ ...

]Scanning /std/race/restricted/ ...

]Scanning /trans/obj/admtool/ ...

]Scanning /wiz/benben/NPC/ ...

]Scanning /wiz/benben/map/ ...

]Scanning /wiz/benben/obj/ ...

]Scanning /wiz/benben/room/ ...

]Scanning /wiz/benben/txt/ ...

]Scanning /wiz/ccc/room/ ...

]Scanning /wiz/chun/cmds/ ...

]Scanning /wiz/chun/gini_d/ ...

]Scanning /wiz/chun/room/ ...

]Scanning /wiz/corydon/cloth/ ...

]Scanning /wiz/corydon/temp1/ ...

]Scanning /wiz/edc/back/ ...

]Scanning /wiz/edc/code/ ...

]Scanning /wiz/edc/plan/ ...

]Scanning /wiz/edc/tmp/ ...

]Scanning /wiz/edc/txt/ ...

]Scanning /wiz/emperor/baby/ ...

]Scanning /wiz/emperor/backup/ ...

]Scanning /wiz/fire/cmds/ ...

]Scanning /wiz/fire/firec/ ...

]Scanning /wiz/fire/modules/ ...

]Scanning /wiz/fire/npc/ ...

]Scanning /wiz/fire/obj/ ...

]Scanning /wiz/fire/project/ ...

]Scanning /wiz/fire/room/ ...

]Scanning /wiz/flee/cmds/ ...

]Scanning /wiz/flee/farm/ ...

]Scanning /wiz/flee/jm/ ...

]Scanning /wiz/flee/landlord/ ...

]Scanning /wiz/flee/law/ ...

]Scanning /wiz/flee/menu/ ...

]Scanning /wiz/flee/mj/ ...

]Scanning /wiz/flee/tmp/ ...

]Scanning /wiz/flee/warjob/ ...

]Scanning /wiz/ghyg/code/ ...

]Scanning /wiz/ghyg/doc/ ...

]Scanning /wiz/ghyg/npc/ ...

]Scanning /wiz/ghyg/obj/ ...

]Scanning /wiz/group/WWW/ ...

]Scanning /wiz/group/cast/ ...

]Scanning /wiz/group/cmds/ ...

]Scanning /wiz/group/help/ ...

]Scanning /wiz/group/jobs/ ...

]Scanning /wiz/group/map/ ...

]Scanning /wiz/group/menu/ ...

]Scanning /wiz/group/room/ ...

]Scanning /wiz/group/troops/ ...

]Scanning /wiz/ice/cmd/ ...

]Scanning /wiz/ice/npc/ ...

]Scanning /wiz/ice/obj/ ...

]Scanning /wiz/ice/other/ ...

]Scanning /wiz/ice/sanguo/ ...

]Scanning /wiz/ice/skills/ ...

]Scanning /wiz/ice/txt/ ...

]Scanning /wiz/laoda/rooms/ ...

]Scanning /wiz/lcm/chencang/ ...

]Scanning /wiz/lcm/exp/ ...

]Scanning /wiz/lcm/help/ ...

]Scanning /wiz/lcm/trade/ ...

]Scanning /wiz/lei/com/ ...

]Scanning /wiz/lei/npc/ ...

]Scanning /wiz/lei/room/ ...

]Scanning /wiz/lei/txt/ ...

]Scanning /wiz/listen/cmd/ ...

]Scanning /wiz/listen/obj/ ...

]Scanning /wiz/listen/sc/ ...

]Scanning /wiz/liz/obj/ ...

]Scanning /wiz/ljty/modules/ ...

]Scanning /wiz/ljty/npc/ ...

]Scanning /wiz/ljty/obj/ ...

]Scanning /wiz/ljty/room/ ...

]Scanning /wiz/ljty/txt/ ...

]Scanning /wiz/ljty/verb/ ...

]Scanning /wiz/mimi/update/ ...

]Scanning /wiz/nono/NPC/ ...

]Scanning /wiz/nono/obj/ ...

]Scanning /wiz/nono/workroom/ ...

]Scanning /wiz/rain/home/ ...

]Scanning /wiz/rain/npc/ ...

]Scanning /wiz/rain/obj/ ...

]Scanning /wiz/rough/archieve/ ...

]Scanning /wiz/rough/yujijob/ ...

]Scanning /wiz/row/cmds/ ...

]Scanning /wiz/row/guard/ ...

]Scanning /wiz/row/law/ ...

]Scanning /wiz/row/npc/ ...

]Scanning /wiz/row/obj/ ...

]Scanning /wiz/row/rooms/ ...

]Scanning /wiz/row/txt/ ...

]Scanning /wiz/shaoyng/npc/ ...

]Scanning /wiz/shaoyng/obj/ ...

]Scanning /wiz/shaoyng/txt/ ...

]Scanning /wiz/suicide/archieve/ ...

]Scanning /wiz/suicide/ev_fate/ ...

]Scanning /wiz/swallow/obj/ ...

]Scanning /wiz/swallow/room/ ...

]Scanning /wiz/tset/cmds/ ...

]Scanning /wiz/tset/death/ ...

]Scanning /wiz/tset/maps/ ...

]Scanning /wiz/tset/xiakou/ ...

]Scanning /wiz/ultra/hongnong/ ...

]Scanning /wiz/valley/cmds/ ...

]Scanning /wiz/valley/daemons/ ...

]Scanning /wiz/valley/task/ ...

]Scanning /wiz/xiaobai/cmds/ ...

]Scanning /wiz/xiaobai/doc/ ...

]Scanning /wiz/xiaobai/menu/ ...

]Scanning /wiz/xiaobai/npc/ ...

]Scanning /wiz/xiaobai/obj/ ...

]Scanning /wiz/xiaobai/work/ ...

]Scanning /wiz/yesh/cmds/ ...

]Scanning /wiz/yesh/daemons/ ...

]Scanning /wiz/yesh/sgdomain/ ...

]Scanning /wiz/yue/cmds/ ...

]Scanning /wiz/yue/npc/ ...

]Scanning /wiz/yue/obj/ ...

]Scanning /wiz/yue/report/ ...

]Scanning /wiz/yue/room/ ...

]Scanning /wiz/yue/test/ ...

]Scanning /wiz/yue/text/ ...

]Scanning /wiz/yuner/ws_ftp/ ...

]Scanning /wiz/yuyin/obj/ ...

]Scanning /wiz/yuyin/room/ ...

]Scanning /wiz/yuyin/u/ ...

]Scanning /wiz/zhanpu/obj/ ...

]Scanning /wiz/ziguang/test/ ...

]Scanning /domains/std/rooms/beach/ ...

]Scanning /domains/std/rooms/caves/ ...

]Scanning /domains/std/rooms/labyrinth/ ...

]Scanning /domains/std/spells/stock-mage/ ...

]Scanning /secure/obj/shell/classes/ ...

]Scanning /sgdomain/area/cities/beihai/ ...

]Scanning /sgdomain/area/cities/beiping/ ...

]Scanning /sgdomain/area/cities/bohai/ ...

]Scanning /sgdomain/area/cities/changsha/ ...

]Scanning /sgdomain/area/cities/chengdu/ ...

]Scanning /sgdomain/area/cities/chibi/ ...

]Scanning /sgdomain/area/cities/guilin/ ...

]Scanning /sgdomain/area/cities/guiyang/ ...

]Scanning /sgdomain/area/cities/hefei/ ...

]Scanning /sgdomain/area/cities/jiangxia/ ...

]Scanning /sgdomain/area/cities/jiangzhou/ ...

]Scanning /sgdomain/area/cities/jianye/ ...

]Scanning /sgdomain/area/cities/jinan/ ...

]Scanning /sgdomain/area/cities/luoyang/ ...

]Scanning /sgdomain/area/cities/nanhai/ ...

]Scanning /sgdomain/area/cities/pingyuan/ ...

]Scanning /sgdomain/area/cities/xiangyang/ ...

]Scanning /sgdomain/area/cities/xuzhou/ ...

]Scanning /sgdomain/area/emp/dan/ ...

]Scanning /sgdomain/area/guan/bailangshan/ ...

]Scanning /sgdomain/area/guan/bowangpo/ ...

]Scanning /sgdomain/area/guan/changbanpo/ ...

]Scanning /sgdomain/area/guan/chanxi/ ...

]Scanning /sgdomain/area/guan/chencang/ ...

]Scanning /sgdomain/area/guan/didao/ ...

]Scanning /sgdomain/area/guan/dingjunshan/ ...

]Scanning /sgdomain/area/guan/guangling/ ...

]Scanning /sgdomain/area/guan/hangu/ ...

]Scanning /sgdomain/area/guan/huarong/ ...

]Scanning /sgdomain/area/guan/huguan/ ...

]Scanning /sgdomain/area/guan/hulaoguan/ ...

]Scanning /sgdomain/area/guan/jiange/ ...

]Scanning /sgdomain/area/guan/jieting/ ...

]Scanning /sgdomain/area/guan/langya/ ...

]Scanning /sgdomain/area/guan/mianchi/ ...

]Scanning /sgdomain/area/guan/mianzhuguan/ ...

]Scanning /sgdomain/area/guan/puyang/ ...

]Scanning /sgdomain/area/guan/qinghe/ ...

]Scanning /sgdomain/area/guan/qishan/ ...

]Scanning /sgdomain/area/guan/ruxukou/ ...

]Scanning /sgdomain/area/guan/shouchun/ ...

]Scanning /sgdomain/area/guan/xiangping/ ...

]Scanning /sgdomain/area/guan/xiaopei/ ...

]Scanning /sgdomain/area/guan/xiliang/ ...

]Scanning /sgdomain/area/guan/xisaishan/ ...

]Scanning /sgdomain/area/guan/yangpingguan/ ...

]Scanning /sgdomain/area/guan/yanmenguan/ ...

]Scanning /sgdomain/area/guan/yiling/ ...

]Scanning /sgdomain/area/town/chenliu/ ...

]Scanning /sgdomain/area/town/danyang/ ...

]Scanning /sgdomain/area/town/fucheng/ ...

]Scanning /sgdomain/area/town/gongan/ ...

]Scanning /sgdomain/area/town/guandu/ ...

]Scanning /sgdomain/area/town/hanzhong/ ...

]Scanning /sgdomain/area/town/hongnong/ ...

]Scanning /sgdomain/area/town/huaiyin/ ...

]Scanning /sgdomain/area/town/jianning/ ...

]Scanning /sgdomain/area/town/jicheng/ ...

]Scanning /sgdomain/area/town/jieqiao/ ...

]Scanning /sgdomain/area/town/kuaiji/ ...

]Scanning /sgdomain/area/town/lingling/ ...

]Scanning /sgdomain/area/town/lujiang/ ...

]Scanning /sgdomain/area/town/luling/ ...

]Scanning /sgdomain/area/town/qinchuan/ ...

]Scanning /sgdomain/area/town/runan/ ...

]Scanning /sgdomain/area/town/shangdang/ ...

]Scanning /sgdomain/area/town/shangyong/ ...

]Scanning /sgdomain/area/town/wan/ ...

]Scanning /sgdomain/area/town/wujun/ ...

]Scanning /sgdomain/area/town/xiabian/ ...

]Scanning /sgdomain/area/town/xiapi/ ...

]Scanning /sgdomain/area/town/xinye/ ...

]Scanning /sgdomain/area/town/ye/ ...

]Scanning /sgdomain/area/town/yijing/ ...

]Scanning /sgdomain/area/town/yongan/ ...

]Scanning /sgdomain/area/town/yuzhang/ ...

]Scanning /sgdomain/area/town/zitong/ ...

]Scanning /sgdomain/base/npc/worker/ ...

]Scanning /sgdomain/modules/m_charnpc/gini/ ...

]Scanning /sgdomain/modules/m_charnpc/guy/ ...

]Scanning /sgdomain/modules/m_charnpc/marriage/ ...

]Scanning /sgdomain/modules/m_charnpc/ppl/ ...

]Scanning /sgdomain/modules/m_charnpc/xianren/ ...

]Scanning /sgdomain/obj/cloth/armors/ ...

]Scanning /sgdomain/obj/cloth/hats/ ...

]Scanning /sgdomain/obj/cloth/shoes/ ...

]Scanning /sgdomain/obj/cloth/torso/ ...

]Scanning /sgdomain/obj/weapon/blade/ ...

]Scanning /sgdomain/obj/weapon/hammer/ ...

]Scanning /sgdomain/obj/weapon/ji/ ...

]Scanning /sgdomain/obj/weapon/sword/ ...

]Scanning /sgdomain/txt/other/fomular/ ...

]Scanning /wiz/benben/map/hangu/ ...

]Scanning /wiz/benben/obj/cloth/ ...

]Scanning /wiz/benben/room/caolu/ ...

]Scanning /wiz/benben/room/longxi/ ...

]Scanning /wiz/benben/room/taiyuan/ ...

]Scanning /wiz/benben/room/xianyang/ ...

]Scanning /wiz/fire/npc/semote_test/ ...

]Scanning /wiz/fire/obj/wear/ ...

]Scanning /wiz/fire/room/private/ ...

]Scanning /wiz/flee/law/ev_judge/ ...

]Scanning /wiz/group/WWW/photo/ ...

]Scanning /wiz/ice/obj/furniture/ ...

]Scanning /wiz/ice/sanguo/article/ ...

]Scanning /wiz/ice/sanguo/city_maps/ ...

]Scanning /wiz/ice/sanguo/help/ ...

]Scanning /wiz/ice/sanguo/maps/ ...

]Scanning /wiz/ice/sanguo/others/ ...

]Scanning /wiz/ice/sanguo/pics/ ...

]Scanning /wiz/ice/sanguo/skills/ ...

]Scanning /wiz/ljty/obj/door/ ...

]Scanning /wiz/ljty/room/luoyang/ ...

]Scanning /wiz/row/cmds/area_d/ ...

]Scanning /wiz/row/law/ev_annual/ ...

]Scanning /wiz/row/law/union_channel_d/ ...

]Scanning /wiz/row/obj/weapon/ ...

]Scanning /wiz/shaoyng/obj/wear/ ...

]Scanning /wiz/tset/xiakou/npc/ ...

]Scanning /wiz/tset/xiakou/obj/ ...

]Scanning /wiz/valley/cmds/player/ ...

]Scanning /wiz/xiaobai/npc/bak/ ...

]Scanning /wiz/xiaobai/work/bak/ ...

]Scanning /wiz/xiaobai/work/cmds/ ...

]Scanning /wiz/xiaobai/work/daemons/ ...

]Scanning /wiz/xiaobai/work/jimou/ ...

]Scanning /wiz/xiaobai/work/log/ ...

]Scanning /wiz/xiaobai/work/npc/ ...

]Scanning /wiz/xiaobai/work/war/ ...

]Scanning /wiz/yesh/cmds/player/ ...

]Scanning /wiz/yesh/daemons/area_d/ ...

]Scanning /wiz/yesh/sgdomain/cmd/ ...

]Scanning /wiz/yue/obj/door/ ...

]Scanning /wiz/yue/room/hell/ ...

]Scanning /sgdomain/modules/m_charnpc/marriage/huajiao/ ...

]Scanning /wiz/xiaobai/work/war/daemons/ ...

]Scanning /wiz/xiaobai/work/war/include/ ...

]Scanning /wiz/xiaobai/work/war/daemons/sgtroop_d/ ...

]Updating docs for /daemons/ai_d.c ...

]Updating docs for /daemons/npcai_d.c ...

]Updating docs for /daemons/soul_d.c ...

]Updating docs for /obj/void.c ...

]Updating docs for /a/anding/ad_nanchengmen.c ...

]Updating docs for /a/bailangshan/bls_zhalan.c ...

]Updating docs for /a/baima/bm_tiesuoqiao.c ...

]Updating docs for /a/bowangpo/bwp_yangchangxiaodao.c ...

]Updating docs for /a/chaisang/cs_nanchengmen.c ...

]Updating docs for /a/changan/ca_czx.c ...

]Updating docs for /a/changan/ca_machang.c ...

]Updating docs for /a/changan/ca_nanchengmen.c ...

]Updating docs for /a/changan/ca_zhubaodian.c ...

]Updating docs for /a/chibi/cb_xiaodao.c ...

]Updating docs for /a/daixian/dx_nanmenkou.c ...

]Updating docs for /a/dingtao/dt_dongdaokou.c ...

]Updating docs for /a/gongan/ga_ximen.c ...

]Updating docs for /a/hangu/hgg_dalu1.c ...

]Updating docs for /a/hongnong/hn_dongchengmen.c ...

]Updating docs for /a/huayin/muqiao.c ...

]Updating docs for /a/huayin/tmp.c ...

]Updating docs for /a/jiangling/jl_nanchengmen.c ...

]Updating docs for /a/jiangxia/jx_nanmen.c ...

]Updating docs for /a/jingyang/jy_xichengmen.c ...

]Updating docs for /a/longxi/lx_dongchengmen.c ...

]Updating docs for /a/nanpi/np_dongchengmen.c ...

]Updating docs for /a/poyang/py_nanmenkou.c ...

]Updating docs for /a/poyang/py_xichengmen.c ...

]Updating docs for /a/qiao/q_nanchengmen.c ...

]Updating docs for /a/shangdang/sd_nanchengmen.c ...

]Updating docs for /a/taiyuan/ty_nanchengmen.c ...

]Updating docs for /a/tianshui/ts_nanchengmen.c ...

]Updating docs for /a/tongguan/shanlu.c ...

]Updating docs for /a/wuguan/wg_dalu.c ...

]Updating docs for /a/wuling/wl_nanmen.c ...

]Updating docs for /a/wuzhangyuan/wzy_xiaolu2.c ...

]Updating docs for /a/xiangyang/xy_dongchengmen.c ...

]Updating docs for /a/xianyang/xy_xichengmen.c ...

]Updating docs for /a/xuchang/xc_xichengmen.c ...

]Updating docs for /a/yanmenguan/ymg_xiguankou.c ...

]Updating docs for /a/yiling/yl_nitulu.c ...

]Updating docs for /a/yunnan/tmp.c ...

]Updating docs for /a/yunnan/yn_beichengmen.c ...

]Updating docs for /a/yunnan/yn_jinpu.c ...

]Updating docs for /a/yunnan/yn_jiuguan.c ...

]Updating docs for /a/yunnan/yn_kedian.c ...

]Updating docs for /a/yunnan/yn_yamen.c ...

]Updating docs for /cmds/verb/chuang.c ...

]Updating docs for /cmds/verb/full.c ...

]Updating docs for /cmds/verb/m_horse.c ...

]Updating docs for /cmds/verb/ride.c ...

]Updating docs for /cmds/verb/rideone.c ...

]Updating docs for /cmds/verb/ridetwo.c ...

]Updating docs for /cmds/verb/sgd.c ...

]Updating docs for /cmds/verb/xiufu.c ...

]Updating docs for /cmds/verbs/riders.c ...

]Updating docs for /domains/std/monster_room.c ...

]Updating docs for /domains/std/void.c ...

]Updating docs for /secure/user/messages.c ...

]Updating docs for /sgdomain/cmd/guard.c ...

]Updating docs for /sgdomain/event/ev_guard.c ...

]Updating docs for /sgdomain/obj/dawanhorse.c ...

]Updating docs for /std/modules/m_messages.c ...

]Writing to: "/help/autodoc/modules/m_messages"

]Writing to: "/help/autodoc/functions/m_messages/compose_message"

]Writing to: "/help/autodoc/functions/m_messages/action"

]Writing to: "/help/autodoc/functions/m_messages/inform"

]Writing to: "/help/autodoc/functions/m_messages/simple_action"

]Writing to: "/help/autodoc/functions/m_messages/my_action"

]Writing to: "/help/autodoc/functions/m_messages/other_action"

]Writing to: "/help/autodoc/functions/m_messages/targetted_action"

]Updating docs for /wiz/xiaolong/room.c ...

]Updating docs for /sgdomain/area/emp/dadi.c ...

]Updating docs for /sgdomain/area/emp/hugo.c ...

]Updating docs for /sgdomain/modules/m_charnpc/guard.c ...

]Updating docs for /sgdomain/obj/horse/aijiaohorse.c ...

]Updating docs for /sgdomain/obj/horse/chituhorse.c ...

]Updating docs for /sgdomain/obj/horse/dawanhorse.c ...

]Updating docs for /sgdomain/obj/horse/fighthorse.c ...

]Updating docs for /sgdomain/obj/horse/heijunhorse.c ...

]Updating docs for /sgdomain/obj/horse/honghorse.c ...

]Updating docs for /sgdomain/obj/horse/horse.c ...

]Updating docs for /sgdomain/obj/horse/huangbiaohorse.c ...

]Updating docs for /sgdomain/obj/horse/jueyinghorse.c ...

]Updating docs for /sgdomain/obj/horse/xiaohonghorse.c ...

]Updating docs for /sgdomain/obj/horse/yilihorse.c ...

]Updating docs for /sgdomain/obj/horse/zaohonghorse.c ...

]Updating docs for /wiz/ljty/modules/m_horse.c ...

]Updating docs for /wiz/ljty/npc/mafu.c ...

]Updating docs for /wiz/ljty/obj/horse.c ...

]Done.

]SGHELP_D 开始重建三国志帮助系统 ... 

]Warning base has more than one location

]Starting scan ...

]Scanning / ...

]Scanning /WWW/ ...

]Scanning /WWW.bak/ ...

]Scanning /a/ ...

]Scanning /cmds/ ...

]Scanning /contrib/ ...

]Scanning /daemons/ ...

]Scanning /domains/ ...

]Scanning /kungfu/ ...

]Scanning /obj/ ...

]Scanning /recycle/ ...

]Scanning /secure/ ...

]Scanning /sgdomain/ ...

]Scanning /std/ ...

]Scanning /trans/ ...

]Scanning /wiz/ ...

]Scanning /worklog/ ...

]Scanning /WWW/cgi/ ...

]Scanning /WWW.bak/cgi/ ...

]Scanning /WWW.bak/help/ ...

]Scanning /WWW.bak/images/ ...

]Scanning /a/anding/ ...

]Scanning /a/bailangshan/ ...

]Scanning /a/baima/ ...

]Scanning /a/bowangpo/ ...

]Scanning /a/chaisang/ ...

]Scanning /a/changan/ ...

]Scanning /a/changbanpo/ ...

]Scanning /a/chibi/ ...

]Scanning /a/daixian/ ...

]Scanning /a/dingtao/ ...

]Scanning /a/gongan/ ...

]Scanning /a/hangu/ ...

]Scanning /a/hongnong/ ...

]Scanning /a/huayin/ ...

]Scanning /a/jiangling/ ...

]Scanning /a/jiangxia/ ...

]Scanning /a/jingyang/ ...

]Scanning /a/longxi/ ...

]Scanning /a/longxi1/ ...

]Scanning /a/nanpi/ ...

]Scanning /a/poyang/ ...

]Scanning /a/qiantang/ ...

]Scanning /a/qiao/ ...

]Scanning /a/shangdang/ ...

]Scanning /a/taiyuan/ ...

]Scanning /a/tianshui/ ...

]Scanning /a/tianshui1/ ...

]Scanning /a/tongguan/ ...

]Scanning /a/warroom/ ...

]Scanning /a/wuguan/ ...

]Scanning /a/wuling/ ...

]Scanning /a/wuzhangyuan/ ...

]Scanning /a/xiangyang/ ...

]Scanning /a/xianyang/ ...

]Scanning /a/xuchang/ ...

]Scanning /a/yanmenguan/ ...

]Scanning /a/yiling/ ...

]Scanning /a/yunnan/ ...

]Scanning /cmds/area/ ...

]Scanning /cmds/player/ ...

]Scanning /cmds/verb/ ...

]Scanning /cmds/verbs/ ...

]Scanning /cmds/wiz/ ...

]Scanning /daemons/area_d/ ...

]Scanning /daemons/base_d/ ...

]Scanning /daemons/channel/ ...

]Scanning /daemons/char_d/ ...

]Scanning /daemons/country_d/ ...

]Scanning /daemons/fight_d/ ...

]Scanning /daemons/gini_d/ ...

]Scanning /daemons/imud/ ...

]Scanning /daemons/messages_d/ ...

]Scanning /daemons/messages_d_old/ ...

]Scanning /daemons/nation_channel_d/ ...

]Scanning /daemons/troop_d/ ...

]Scanning /daemons/union_d/ ...

]Scanning /daemons/warai_d/ ...

]Scanning /domains/std/ ...

]Scanning /kungfu/skill/ ...

]Scanning /secure/daemons/ ...

]Scanning /secure/modules/ ...

]Scanning /secure/obj/ ...

]Scanning /secure/simul_efun/ ...

]Scanning /secure/user/ ...

]Scanning /sgdomain/area/ ...

]Scanning /sgdomain/base/ ...

]Scanning /sgdomain/cmd/ ...

]Scanning /sgdomain/conditions/ ...

]Scanning /sgdomain/event/ ...

]Scanning /sgdomain/home/ ...

]Scanning /sgdomain/jieyi/ ...

]Scanning /sgdomain/jimou/ ...

]Scanning /sgdomain/job/ ...

]Scanning /sgdomain/menu/ ...

]Scanning /sgdomain/modules/ ...

]Scanning /sgdomain/museum/ ...

]Scanning /sgdomain/npc/ ...

]Scanning /sgdomain/obj/ ...

]Scanning /sgdomain/prison/ ...

]Scanning /sgdomain/robot/ ...

]Scanning /sgdomain/troops/ ...

]Scanning /sgdomain/txt/ ...

]Scanning /sgdomain/yizhan/ ...

]Scanning /std/adt/ ...

]Scanning /std/body/ ...

]Scanning /std/classes/ ...

]Scanning /std/container/ ...

]Scanning /std/living/ ...

]Scanning /std/modules/ ...

]Scanning /std/monster/ ...

]Scanning /std/object/ ...

]Scanning /std/race/ ...

]Scanning /std/room/ ...

]Scanning /trans/cmds/ ...

]Scanning /trans/obj/ ...

]Scanning /trans/tmp/ ...

]Scanning /wiz/admii/ ...

]Scanning /wiz/bamboo/ ...

]Scanning /wiz/beans/ ...

]Scanning /wiz/benben/ ...

]Scanning /wiz/ccc/ ...

]Scanning /wiz/chun/ ...

]Scanning /wiz/corydon/ ...

]Scanning /wiz/damii/ ...

]Scanning /wiz/dreamfly/ ...

]Scanning /wiz/edc/ ...

]Scanning /wiz/emperor/ ...

]Scanning /wiz/fire/ ...

]Scanning /wiz/firec/ ...

]Scanning /wiz/flee/ ...

]Scanning /wiz/ghyg/ ...

]Scanning /wiz/group/ ...

]Scanning /wiz/guanfeng/ ...

]Scanning /wiz/huaer/ ...

]Scanning /wiz/ice/ ...

]Scanning /wiz/laoda/ ...

]Scanning /wiz/lcm/ ...

]Scanning /wiz/lei/ ...

]Scanning /wiz/listen/ ...

]Scanning /wiz/litmann/ ...

]Scanning /wiz/liz/ ...

]Scanning /wiz/ljty/ ...

]Scanning /wiz/lovefish/ ...

]Scanning /wiz/loveyou/ ...

]Scanning /wiz/mimi/ ...

]Scanning /wiz/net/ ...

]Scanning /wiz/nono/ ...

]Scanning /wiz/onesigh/ ...

]Scanning /wiz/pickle/ ...

]Scanning /wiz/rain/ ...

]Scanning /wiz/roro/ ...

]Scanning /wiz/rough/ ...

]Scanning /wiz/row/ ...

]Scanning /wiz/shaoyng/ ...

]Scanning /wiz/softwind/ ...

]Scanning /wiz/starrock/ ...

]Scanning /wiz/stefan/ ...

]Scanning /wiz/suicide/ ...

]Scanning /wiz/swallow/ ...

]Scanning /wiz/tit/ ...

]Scanning /wiz/tset/ ...

]Scanning /wiz/ultra/ ...

]Scanning /wiz/valley/ ...

]Scanning /wiz/xiaobai/ ...

]Scanning /wiz/xiaolong/ ...

]Scanning /wiz/yesh/ ...

]Scanning /wiz/yue/ ...

]Scanning /wiz/yuner/ ...

]Scanning /wiz/yuyin/ ...

]Scanning /wiz/zhanpu/ ...

]Scanning /wiz/ziguang/ ...

]Scanning /WWW.bak/cgi/bak/ ...

]Scanning /cmds/wiz/temp/ ...

]Scanning /domains/std/monsters/ ...

]Scanning /domains/std/objects/ ...

]Scanning /domains/std/rooms/ ...

]Scanning /domains/std/spells/ ...

]Scanning /secure/obj/cmd/ ...

]Scanning /secure/obj/mailers/ ...

]Scanning /secure/obj/shell/ ...

]Scanning /sgdomain/area/cities/ ...

]Scanning /sgdomain/area/emp/ ...

]Scanning /sgdomain/area/guan/ ...

]Scanning /sgdomain/area/marriage/ ...

]Scanning /sgdomain/area/town/ ...

]Scanning /sgdomain/base/npc/ ...

]Scanning /sgdomain/base/pic/ ...

]Scanning /sgdomain/base/room/ ...

]Scanning /sgdomain/event/ev_bwdh/ ...

]Scanning /sgdomain/event/ev_fate/ ...

]Scanning /sgdomain/event/ev_guard/ ...

]Scanning /sgdomain/event/ev_king/ ...

]Scanning /sgdomain/event/ev_localmeeting/ ...

]Scanning /sgdomain/event/ev_merchant/ ...

]Scanning /sgdomain/event/ev_tribe/ ...

]Scanning /sgdomain/event/war/ ...

]Scanning /sgdomain/home/funs/ ...

]Scanning /sgdomain/home/npc/ ...

]Scanning /sgdomain/home/pic/ ...

]Scanning /sgdomain/home/room/ ...

]Scanning /sgdomain/job/askobj/ ...

]Scanning /sgdomain/job/bugao/ ...

]Scanning /sgdomain/job/buildbase/ ...

]Scanning /sgdomain/job/choppork/ ...

]Scanning /sgdomain/job/chopwoods/ ...

]Scanning /sgdomain/job/digsoil/ ...

]Scanning /sgdomain/job/fanpeople/ ...

]Scanning /sgdomain/job/feedgoat/ ...

]Scanning /sgdomain/job/findbody/ ...

]Scanning /sgdomain/job/fishing/ ...

]Scanning /sgdomain/job/gethead/ ...

]Scanning /sgdomain/job/huatuo/ ...

]Scanning /sgdomain/job/landlord/ ...

]Scanning /sgdomain/job/letter/ ...

]Scanning /sgdomain/job/localbuy/ ...

]Scanning /sgdomain/job/makedoufu/ ...

]Scanning /sgdomain/job/patrol/ ...

]Scanning /sgdomain/job/recruit/ ...

]Scanning /sgdomain/job/searchwise/ ...

]Scanning /sgdomain/job/setppl/ ...

]Scanning /sgdomain/job/spy/ ...

]Scanning /sgdomain/job/visitofficer/ ...

]Scanning /sgdomain/job/visitpeople/ ...

]Scanning /sgdomain/job/visitwise/ ...

]Scanning /sgdomain/job/waterflower/ ...

]Scanning /sgdomain/job/weavesandals/ ...

]Scanning /sgdomain/job/whisper/ ...

]Scanning /sgdomain/job/xuzijiang/ ...

]Scanning /sgdomain/job/yuji/ ...

]Scanning /sgdomain/job/zuoci/ ...

]Scanning /sgdomain/modules/m_charnpc/ ...

]Scanning /sgdomain/obj/cloth/ ...

]Scanning /sgdomain/obj/door/ ...

]Scanning /sgdomain/obj/foodanddrink/ ...

]Scanning /sgdomain/obj/horse/ ...

]Scanning /sgdomain/obj/money/ ...

]Scanning /sgdomain/obj/other/ ...

]Scanning /sgdomain/obj/weapon/ ...

]Scanning /sgdomain/robot/senbak/ ...

]Scanning /sgdomain/robot/sennew/ ...

]Scanning /sgdomain/robot/sentence/ ...

]Scanning /sgdomain/txt/maps/ ...

]Scanning /sgdomain/txt/other/ ...

]Scanning /sgdomain/txt/pic/ ...

]Scanning /sgdomain/txt/roompic/ ...

]Scanning /sgdomain/txt/warmap/ ...

]Scanning /sgdomain/txt/welcome/ ...

]Scanning /std/modules/contrib/ ...

]Scanning /std/monster/base/ ...

]Scanning /std/race/restricted/ ...

]Scanning /trans/obj/admtool/ ...

]Scanning /wiz/benben/NPC/ ...

]Scanning /wiz/benben/map/ ...

]Scanning /wiz/benben/obj/ ...

]Scanning /wiz/benben/room/ ...

]Scanning /wiz/benben/txt/ ...

]Scanning /wiz/ccc/room/ ...

]Scanning /wiz/chun/cmds/ ...

]Scanning /wiz/chun/gini_d/ ...

]Scanning /wiz/chun/room/ ...

]Scanning /wiz/corydon/cloth/ ...

]Scanning /wiz/corydon/temp1/ ...

]Scanning /wiz/edc/back/ ...

]Scanning /wiz/edc/code/ ...

]Scanning /wiz/edc/plan/ ...

]Scanning /wiz/edc/tmp/ ...

]Scanning /wiz/edc/txt/ ...

]Scanning /wiz/emperor/baby/ ...

]Scanning /wiz/emperor/backup/ ...

]Scanning /wiz/fire/cmds/ ...

]Scanning /wiz/fire/firec/ ...

]Scanning /wiz/fire/modules/ ...

]Scanning /wiz/fire/npc/ ...

]Scanning /wiz/fire/obj/ ...

]Scanning /wiz/fire/project/ ...

]Scanning /wiz/fire/room/ ...

]Scanning /wiz/flee/cmds/ ...

]Scanning /wiz/flee/farm/ ...

]Scanning /wiz/flee/jm/ ...

]Scanning /wiz/flee/landlord/ ...

]Scanning /wiz/flee/law/ ...

]Scanning /wiz/flee/menu/ ...

]Scanning /wiz/flee/mj/ ...

]Scanning /wiz/flee/tmp/ ...

]Scanning /wiz/flee/warjob/ ...

]Scanning /wiz/ghyg/code/ ...

]Scanning /wiz/ghyg/doc/ ...

]Scanning /wiz/ghyg/npc/ ...

]Scanning /wiz/ghyg/obj/ ...

]Scanning /wiz/group/WWW/ ...

]Scanning /wiz/group/cast/ ...

]Scanning /wiz/group/cmds/ ...

]Scanning /wiz/group/help/ ...

]Scanning /wiz/group/jobs/ ...

]Scanning /wiz/group/map/ ...

]Scanning /wiz/group/menu/ ...

]Scanning /wiz/group/room/ ...

]Scanning /wiz/group/troops/ ...

]Scanning /wiz/ice/cmd/ ...

]Scanning /wiz/ice/npc/ ...

]Scanning /wiz/ice/obj/ ...

]Scanning /wiz/ice/other/ ...

]Scanning /wiz/ice/sanguo/ ...

]Scanning /wiz/ice/skills/ ...

]Scanning /wiz/ice/txt/ ...

]Scanning /wiz/laoda/rooms/ ...

]Scanning /wiz/lcm/chencang/ ...

]Scanning /wiz/lcm/exp/ ...

]Scanning /wiz/lcm/help/ ...

]Scanning /wiz/lcm/trade/ ...

]Scanning /wiz/lei/com/ ...

]Scanning /wiz/lei/npc/ ...

]Scanning /wiz/lei/room/ ...

]Scanning /wiz/lei/txt/ ...

]Scanning /wiz/listen/cmd/ ...

]Scanning /wiz/listen/obj/ ...

]Scanning /wiz/listen/sc/ ...

]Scanning /wiz/liz/obj/ ...

]Scanning /wiz/ljty/modules/ ...

]Scanning /wiz/ljty/npc/ ...

]Scanning /wiz/ljty/obj/ ...

]Scanning /wiz/ljty/room/ ...

]Scanning /wiz/ljty/txt/ ...

]Scanning /wiz/ljty/verb/ ...

]Scanning /wiz/mimi/update/ ...

]Scanning /wiz/nono/NPC/ ...

]Scanning /wiz/nono/obj/ ...

]Scanning /wiz/nono/workroom/ ...

]Scanning /wiz/rain/home/ ...

]Scanning /wiz/rain/npc/ ...

]Scanning /wiz/rain/obj/ ...

]Scanning /wiz/rough/archieve/ ...

]Scanning /wiz/rough/yujijob/ ...

]Scanning /wiz/row/cmds/ ...

]Scanning /wiz/row/guard/ ...

]Scanning /wiz/row/law/ ...

]Scanning /wiz/row/npc/ ...

]Scanning /wiz/row/obj/ ...

]Scanning /wiz/row/rooms/ ...

]Scanning /wiz/row/txt/ ...

]Scanning /wiz/shaoyng/npc/ ...

]Scanning /wiz/shaoyng/obj/ ...

]Scanning /wiz/shaoyng/txt/ ...

]Scanning /wiz/suicide/archieve/ ...

]Scanning /wiz/suicide/ev_fate/ ...

]Scanning /wiz/swallow/obj/ ...

]Scanning /wiz/swallow/room/ ...

]Scanning /wiz/tset/cmds/ ...

]Scanning /wiz/tset/death/ ...

]Scanning /wiz/tset/maps/ ...

]Scanning /wiz/tset/xiakou/ ...

]Scanning /wiz/ultra/hongnong/ ...

]Scanning /wiz/valley/cmds/ ...

]Scanning /wiz/valley/daemons/ ...

]Scanning /wiz/valley/task/ ...

]Scanning /wiz/xiaobai/cmds/ ...

]Scanning /wiz/xiaobai/doc/ ...

]Scanning /wiz/xiaobai/menu/ ...

]Scanning /wiz/xiaobai/npc/ ...

]Scanning /wiz/xiaobai/obj/ ...

]Scanning /wiz/xiaobai/work/ ...

]Scanning /wiz/yesh/cmds/ ...

]Scanning /wiz/yesh/daemons/ ...

]Scanning /wiz/yesh/sgdomain/ ...

]Scanning /wiz/yue/cmds/ ...

]Scanning /wiz/yue/npc/ ...

]Scanning /wiz/yue/obj/ ...

]Scanning /wiz/yue/report/ ...

]Scanning /wiz/yue/room/ ...

]Scanning /wiz/yue/test/ ...

]Scanning /wiz/yue/text/ ...

]Scanning /wiz/yuner/ws_ftp/ ...

]Scanning /wiz/yuyin/obj/ ...

]Scanning /wiz/yuyin/room/ ...

]Scanning /wiz/yuyin/u/ ...

]Scanning /wiz/zhanpu/obj/ ...

]Scanning /wiz/ziguang/test/ ...

]Scanning /domains/std/rooms/beach/ ...

]Scanning /domains/std/rooms/caves/ ...

]Scanning /domains/std/rooms/labyrinth/ ...

]Scanning /domains/std/spells/stock-mage/ ...

]Scanning /secure/obj/shell/classes/ ...

]Scanning /sgdomain/area/cities/beihai/ ...

]Scanning /sgdomain/area/cities/beiping/ ...

]Scanning /sgdomain/area/cities/bohai/ ...

]Scanning /sgdomain/area/cities/changsha/ ...

]Scanning /sgdomain/area/cities/chengdu/ ...

]Scanning /sgdomain/area/cities/chibi/ ...

]Scanning /sgdomain/area/cities/guilin/ ...

]Scanning /sgdomain/area/cities/guiyang/ ...

]Scanning /sgdomain/area/cities/hefei/ ...

]Scanning /sgdomain/area/cities/jiangxia/ ...

]Scanning /sgdomain/area/cities/jiangzhou/ ...

]Scanning /sgdomain/area/cities/jianye/ ...

]Scanning /sgdomain/area/cities/jinan/ ...

]Scanning /sgdomain/area/cities/luoyang/ ...

]Scanning /sgdomain/area/cities/nanhai/ ...

]Scanning /sgdomain/area/cities/pingyuan/ ...

]Scanning /sgdomain/area/cities/xiangyang/ ...

]Scanning /sgdomain/area/cities/xuzhou/ ...

]Scanning /sgdomain/area/emp/dan/ ...

]Scanning /sgdomain/area/guan/bailangshan/ ...

]Scanning /sgdomain/area/guan/bowangpo/ ...

]Scanning /sgdomain/area/guan/changbanpo/ ...

]Scanning /sgdomain/area/guan/chanxi/ ...

]Scanning /sgdomain/area/guan/chencang/ ...

]Scanning /sgdomain/area/guan/didao/ ...

]Scanning /sgdomain/area/guan/dingjunshan/ ...

]Scanning /sgdomain/area/guan/guangling/ ...

]Scanning /sgdomain/area/guan/hangu/ ...

]Scanning /sgdomain/area/guan/huarong/ ...

]Scanning /sgdomain/area/guan/huguan/ ...

]Scanning /sgdomain/area/guan/hulaoguan/ ...

]Scanning /sgdomain/area/guan/jiange/ ...

]Scanning /sgdomain/area/guan/jieting/ ...

]Scanning /sgdomain/area/guan/langya/ ...

]Scanning /sgdomain/area/guan/mianchi/ ...

]Scanning /sgdomain/area/guan/mianzhuguan/ ...

]Scanning /sgdomain/area/guan/puyang/ ...

]Scanning /sgdomain/area/guan/qinghe/ ...

]Scanning /sgdomain/area/guan/qishan/ ...

]Scanning /sgdomain/area/guan/ruxukou/ ...

]Scanning /sgdomain/area/guan/shouchun/ ...

]Scanning /sgdomain/area/guan/xiangping/ ...

]Scanning /sgdomain/area/guan/xiaopei/ ...

]Scanning /sgdomain/area/guan/xiliang/ ...

]Scanning /sgdomain/area/guan/xisaishan/ ...

]Scanning /sgdomain/area/guan/yangpingguan/ ...

]Scanning /sgdomain/area/guan/yanmenguan/ ...

]Scanning /sgdomain/area/guan/yiling/ ...

]Scanning /sgdomain/area/town/chenliu/ ...

]Scanning /sgdomain/area/town/danyang/ ...

]Scanning /sgdomain/area/town/fucheng/ ...

]Scanning /sgdomain/area/town/gongan/ ...

]Scanning /sgdomain/area/town/guandu/ ...

]Scanning /sgdomain/area/town/hanzhong/ ...

]Scanning /sgdomain/area/town/hongnong/ ...

]Scanning /sgdomain/area/town/huaiyin/ ...

]Scanning /sgdomain/area/town/jianning/ ...

]Scanning /sgdomain/area/town/jicheng/ ...

]Scanning /sgdomain/area/town/jieqiao/ ...

]Scanning /sgdomain/area/town/kuaiji/ ...

]Scanning /sgdomain/area/town/lingling/ ...

]Scanning /sgdomain/area/town/lujiang/ ...

]Scanning /sgdomain/area/town/luling/ ...

]Scanning /sgdomain/area/town/qinchuan/ ...

]Scanning /sgdomain/area/town/runan/ ...

]Scanning /sgdomain/area/town/shangdang/ ...

]Scanning /sgdomain/area/town/shangyong/ ...

]Scanning /sgdomain/area/town/wan/ ...

]Scanning /sgdomain/area/town/wujun/ ...

]Scanning /sgdomain/area/town/xiabian/ ...

]Scanning /sgdomain/area/town/xiapi/ ...

]Scanning /sgdomain/area/town/xinye/ ...

]Scanning /sgdomain/area/town/ye/ ...

]Scanning /sgdomain/area/town/yijing/ ...

]Scanning /sgdomain/area/town/yongan/ ...

]Scanning /sgdomain/area/town/yuzhang/ ...

]Scanning /sgdomain/area/town/zitong/ ...

]Scanning /sgdomain/base/npc/worker/ ...

]Scanning /sgdomain/modules/m_charnpc/gini/ ...

]Scanning /sgdomain/modules/m_charnpc/guy/ ...

]Scanning /sgdomain/modules/m_charnpc/marriage/ ...

]Scanning /sgdomain/modules/m_charnpc/ppl/ ...

]Scanning /sgdomain/modules/m_charnpc/xianren/ ...

]Scanning /sgdomain/obj/cloth/armors/ ...

]Scanning /sgdomain/obj/cloth/hats/ ...

]Scanning /sgdomain/obj/cloth/shoes/ ...

]Scanning /sgdomain/obj/cloth/torso/ ...

]Scanning /sgdomain/obj/weapon/blade/ ...

]Scanning /sgdomain/obj/weapon/hammer/ ...

]Scanning /sgdomain/obj/weapon/ji/ ...

]Scanning /sgdomain/obj/weapon/sword/ ...

]Scanning /sgdomain/txt/other/fomular/ ...

]Scanning /wiz/benben/map/hangu/ ...

]Scanning /wiz/benben/obj/cloth/ ...

]Scanning /wiz/benben/room/caolu/ ...

]Scanning /wiz/benben/room/longxi/ ...

]Scanning /wiz/benben/room/taiyuan/ ...

]Scanning /wiz/benben/room/xianyang/ ...

]Scanning /wiz/fire/npc/semote_test/ ...

]Scanning /wiz/fire/obj/wear/ ...

]Scanning /wiz/fire/room/private/ ...

]Scanning /wiz/flee/law/ev_judge/ ...

]Scanning /wiz/group/WWW/photo/ ...

]Scanning /wiz/ice/obj/furniture/ ...

]Scanning /wiz/ice/sanguo/article/ ...

]Scanning /wiz/ice/sanguo/city_maps/ ...

]Scanning /wiz/ice/sanguo/help/ ...

]Scanning /wiz/ice/sanguo/maps/ ...

]Scanning /wiz/ice/sanguo/others/ ...

]Scanning /wiz/ice/sanguo/pics/ ...

]Scanning /wiz/ice/sanguo/skills/ ...

]Scanning /wiz/ljty/obj/door/ ...

]Scanning /wiz/ljty/room/luoyang/ ...

]Scanning /wiz/row/cmds/area_d/ ...

]Scanning /wiz/row/law/ev_annual/ ...

]Scanning /wiz/row/law/union_channel_d/ ...

]Scanning /wiz/row/obj/weapon/ ...

]Scanning /wiz/shaoyng/obj/wear/ ...

]Scanning /wiz/tset/xiakou/npc/ ...

]Scanning /wiz/tset/xiakou/obj/ ...

]Scanning /wiz/valley/cmds/player/ ...

]Scanning /wiz/xiaobai/npc/bak/ ...

]Scanning /wiz/xiaobai/work/bak/ ...

]Scanning /wiz/xiaobai/work/cmds/ ...

]Scanning /wiz/xiaobai/work/daemons/ ...

]Scanning /wiz/xiaobai/work/jimou/ ...

]Scanning /wiz/xiaobai/work/log/ ...

]Scanning /wiz/xiaobai/work/npc/ ...

]Scanning /wiz/xiaobai/work/war/ ...

]Scanning /wiz/yesh/cmds/player/ ...

]Scanning /wiz/yesh/daemons/area_d/ ...

]Scanning /wiz/yesh/sgdomain/cmd/ ...

]Scanning /wiz/yue/obj/door/ ...

]Scanning /wiz/yue/room/hell/ ...

]Scanning /sgdomain/modules/m_charnpc/marriage/huajiao/ ...

]Scanning /wiz/xiaobai/work/war/daemons/ ...

]Scanning /wiz/xiaobai/work/war/include/ ...

]Scanning /wiz/xiaobai/work/war/daemons/sgtroop_d/ ...

]Done.

]SGHELP_D 开始重建三国志帮助系统 ... 

]Warning base has more than one location

]Starting scan ...

]Scanning / ...

]Scanning /WWW/ ...

]Scanning /WWW.bak/ ...

]Scanning /a/ ...

]Scanning /cmds/ ...

]Scanning /contrib/ ...

]Scanning /daemons/ ...

]Scanning /domains/ ...

]Scanning /kungfu/ ...

]Scanning /obj/ ...

]Scanning /recycle/ ...

]Scanning /secure/ ...

]Scanning /sgdomain/ ...

]Scanning /std/ ...

]Scanning /trans/ ...

]Scanning /wiz/ ...

]Scanning /worklog/ ...

]Scanning /WWW/cgi/ ...

]Scanning /WWW.bak/cgi/ ...

]Scanning /WWW.bak/help/ ...

]Scanning /WWW.bak/images/ ...

]Scanning /a/anding/ ...

]Scanning /a/bailangshan/ ...

]Scanning /a/baima/ ...

]Scanning /a/bowangpo/ ...

]Scanning /a/chaisang/ ...

]Scanning /a/changan/ ...

]Scanning /a/changbanpo/ ...

]Scanning /a/chibi/ ...

]Scanning /a/daixian/ ...

]Scanning /a/dingtao/ ...

]Scanning /a/gongan/ ...

]Scanning /a/hangu/ ...

]Scanning /a/hongnong/ ...

]Scanning /a/huayin/ ...

]Scanning /a/jiangling/ ...

]Scanning /a/jiangxia/ ...

]Scanning /a/jingyang/ ...

]Scanning /a/longxi/ ...

]Scanning /a/longxi1/ ...

]Scanning /a/nanpi/ ...

]Scanning /a/poyang/ ...

]Scanning /a/qiantang/ ...

]Scanning /a/qiao/ ...

]Scanning /a/shangdang/ ...

]Scanning /a/taiyuan/ ...

]Scanning /a/tianshui/ ...

]Scanning /a/tianshui1/ ...

]Scanning /a/tongguan/ ...

]Scanning /a/warroom/ ...

]Scanning /a/wuguan/ ...

]Scanning /a/wuling/ ...

]Scanning /a/wuzhangyuan/ ...

]Scanning /a/xiangyang/ ...

]Scanning /a/xianyang/ ...

]Scanning /a/xuchang/ ...

]Scanning /a/yanmenguan/ ...

]Scanning /a/yiling/ ...

]Scanning /a/yunnan/ ...

]Scanning /cmds/area/ ...

]Scanning /cmds/player/ ...

]Scanning /cmds/verb/ ...

]Scanning /cmds/verbs/ ...

]Scanning /cmds/wiz/ ...

]Scanning /daemons/area_d/ ...

]Scanning /daemons/base_d/ ...

]Scanning /daemons/channel/ ...

]Scanning /daemons/char_d/ ...

]Scanning /daemons/country_d/ ...

]Scanning /daemons/fight_d/ ...

]Scanning /daemons/gini_d/ ...

]Scanning /daemons/imud/ ...

]Scanning /daemons/messages_d/ ...

]Scanning /daemons/messages_d_old/ ...

]Scanning /daemons/nation_channel_d/ ...

]Scanning /daemons/troop_d/ ...

]Scanning /daemons/union_d/ ...

]Scanning /daemons/warai_d/ ...

]Scanning /domains/std/ ...

]Scanning /kungfu/skill/ ...

]Scanning /secure/daemons/ ...

]Scanning /secure/modules/ ...

]Scanning /secure/obj/ ...

]Scanning /secure/simul_efun/ ...

]Scanning /secure/user/ ...

]Scanning /sgdomain/area/ ...

]Scanning /sgdomain/base/ ...

]Scanning /sgdomain/cmd/ ...

]Scanning /sgdomain/conditions/ ...

]Scanning /sgdomain/event/ ...

]Scanning /sgdomain/home/ ...

]Scanning /sgdomain/jieyi/ ...

]Scanning /sgdomain/jimou/ ...

]Scanning /sgdomain/job/ ...

]Scanning /sgdomain/menu/ ...

]Scanning /sgdomain/modules/ ...

]Scanning /sgdomain/museum/ ...

]Scanning /sgdomain/npc/ ...

]Scanning /sgdomain/obj/ ...

]Scanning /sgdomain/prison/ ...

]Scanning /sgdomain/robot/ ...

]Scanning /sgdomain/troops/ ...

]Scanning /sgdomain/txt/ ...

]Scanning /sgdomain/yizhan/ ...

]Scanning /std/adt/ ...

]Scanning /std/body/ ...

]Scanning /std/classes/ ...

]Scanning /std/container/ ...

]Scanning /std/living/ ...

]Scanning /std/modules/ ...

]Scanning /std/monster/ ...

]Scanning /std/object/ ...

]Scanning /std/race/ ...

]Scanning /std/room/ ...

]Scanning /trans/cmds/ ...

]Scanning /trans/obj/ ...

]Scanning /trans/tmp/ ...

]Scanning /wiz/admii/ ...

]Scanning /wiz/bamboo/ ...

]Scanning /wiz/beans/ ...

]Scanning /wiz/benben/ ...

]Scanning /wiz/ccc/ ...

]Scanning /wiz/chun/ ...

]Scanning /wiz/corydon/ ...

]Scanning /wiz/damii/ ...

]Scanning /wiz/dreamfly/ ...

]Scanning /wiz/edc/ ...

]Scanning /wiz/emperor/ ...

]Scanning /wiz/fire/ ...

]Scanning /wiz/firec/ ...

]Scanning /wiz/flee/ ...

]Scanning /wiz/ghyg/ ...

]Scanning /wiz/group/ ...

]Scanning /wiz/guanfeng/ ...

]Scanning /wiz/huaer/ ...

]Scanning /wiz/ice/ ...

]Scanning /wiz/laoda/ ...

]Scanning /wiz/lcm/ ...

]Scanning /wiz/lei/ ...

]Scanning /wiz/listen/ ...

]Scanning /wiz/litmann/ ...

]Scanning /wiz/liz/ ...

]Scanning /wiz/ljty/ ...

]Scanning /wiz/lovefish/ ...

]Scanning /wiz/loveyou/ ...

]Scanning /wiz/mimi/ ...

]Scanning /wiz/net/ ...

]Scanning /wiz/nono/ ...

]Scanning /wiz/onesigh/ ...

]Scanning /wiz/pickle/ ...

]Scanning /wiz/rain/ ...

]Scanning /wiz/roro/ ...

]Scanning /wiz/rough/ ...

]Scanning /wiz/row/ ...

]Scanning /wiz/shaoyng/ ...

]Scanning /wiz/softwind/ ...

]Scanning /wiz/starrock/ ...

]Scanning /wiz/stefan/ ...

]Scanning /wiz/suicide/ ...

]Scanning /wiz/swallow/ ...

]Scanning /wiz/tit/ ...

]Scanning /wiz/tset/ ...

]Scanning /wiz/ultra/ ...

]Scanning /wiz/valley/ ...

]Scanning /wiz/xiaobai/ ...

]Scanning /wiz/xiaolong/ ...

]Scanning /wiz/yesh/ ...

]Scanning /wiz/yue/ ...

]Scanning /wiz/yuner/ ...

]Scanning /wiz/yuyin/ ...

]Scanning /wiz/zhanpu/ ...

]Scanning /wiz/ziguang/ ...

]Scanning /WWW.bak/cgi/bak/ ...

]Scanning /cmds/wiz/temp/ ...

]Scanning /domains/std/monsters/ ...

]Scanning /domains/std/objects/ ...

]Scanning /domains/std/rooms/ ...

]Scanning /domains/std/spells/ ...

]Scanning /secure/obj/cmd/ ...

]Scanning /secure/obj/mailers/ ...

]Scanning /secure/obj/shell/ ...

]Scanning /sgdomain/area/cities/ ...

]Scanning /sgdomain/area/emp/ ...

]Scanning /sgdomain/area/guan/ ...

]Scanning /sgdomain/area/marriage/ ...

]Scanning /sgdomain/area/town/ ...

]Scanning /sgdomain/base/npc/ ...

]Scanning /sgdomain/base/pic/ ...

]Scanning /sgdomain/base/room/ ...

]Scanning /sgdomain/event/ev_bwdh/ ...

]Scanning /sgdomain/event/ev_fate/ ...

]Scanning /sgdomain/event/ev_guard/ ...

]Scanning /sgdomain/event/ev_king/ ...

]Scanning /sgdomain/event/ev_localmeeting/ ...

]Scanning /sgdomain/event/ev_merchant/ ...

]Scanning /sgdomain/event/ev_tribe/ ...

]Scanning /sgdomain/event/war/ ...

]Scanning /sgdomain/home/funs/ ...

]Scanning /sgdomain/home/npc/ ...

]Scanning /sgdomain/home/pic/ ...

]Scanning /sgdomain/home/room/ ...

]Scanning /sgdomain/job/askobj/ ...

]Scanning /sgdomain/job/bugao/ ...

]Scanning /sgdomain/job/buildbase/ ...

]Scanning /sgdomain/job/choppork/ ...

]Scanning /sgdomain/job/chopwoods/ ...

]Scanning /sgdomain/job/digsoil/ ...

]Scanning /sgdomain/job/fanpeople/ ...

]Scanning /sgdomain/job/feedgoat/ ...

]Scanning /sgdomain/job/findbody/ ...

]Scanning /sgdomain/job/fishing/ ...

]Scanning /sgdomain/job/gethead/ ...

]Scanning /sgdomain/job/huatuo/ ...

]Scanning /sgdomain/job/landlord/ ...

]Scanning /sgdomain/job/letter/ ...

]Scanning /sgdomain/job/localbuy/ ...

]Scanning /sgdomain/job/makedoufu/ ...

]Scanning /sgdomain/job/patrol/ ...

]Scanning /sgdomain/job/recruit/ ...

]Scanning /sgdomain/job/searchwise/ ...

]Scanning /sgdomain/job/setppl/ ...

]Scanning /sgdomain/job/spy/ ...

]Scanning /sgdomain/job/visitofficer/ ...

]Scanning /sgdomain/job/visitpeople/ ...

]Scanning /sgdomain/job/visitwise/ ...

]Scanning /sgdomain/job/waterflower/ ...

]Scanning /sgdomain/job/weavesandals/ ...

]Scanning /sgdomain/job/whisper/ ...

]Scanning /sgdomain/job/xuzijiang/ ...

]Scanning /sgdomain/job/yuji/ ...

]Scanning /sgdomain/job/zuoci/ ...

]Scanning /sgdomain/modules/m_charnpc/ ...

]Scanning /sgdomain/obj/cloth/ ...

]Scanning /sgdomain/obj/door/ ...

]Scanning /sgdomain/obj/foodanddrink/ ...

]Scanning /sgdomain/obj/horse/ ...

]Scanning /sgdomain/obj/money/ ...

]Scanning /sgdomain/obj/other/ ...

]Scanning /sgdomain/obj/weapon/ ...

]Scanning /sgdomain/robot/senbak/ ...

]Scanning /sgdomain/robot/sennew/ ...

]Scanning /sgdomain/robot/sentence/ ...

]Scanning /sgdomain/txt/maps/ ...

]Scanning /sgdomain/txt/other/ ...

]Scanning /sgdomain/txt/pic/ ...

]Scanning /sgdomain/txt/roompic/ ...

]Scanning /sgdomain/txt/warmap/ ...

]Scanning /sgdomain/txt/welcome/ ...

]Scanning /std/modules/contrib/ ...

]Scanning /std/monster/base/ ...

]Scanning /std/race/restricted/ ...

]Scanning /trans/obj/admtool/ ...

]Scanning /wiz/benben/NPC/ ...

]Scanning /wiz/benben/map/ ...

]Scanning /wiz/benben/obj/ ...

]Scanning /wiz/benben/room/ ...

]Scanning /wiz/benben/txt/ ...

]Scanning /wiz/ccc/room/ ...

]Scanning /wiz/chun/cmds/ ...

]Scanning /wiz/chun/gini_d/ ...

]Scanning /wiz/chun/room/ ...

]Scanning /wiz/corydon/cloth/ ...

]Scanning /wiz/corydon/temp1/ ...

]Scanning /wiz/edc/back/ ...

]Scanning /wiz/edc/code/ ...

]Scanning /wiz/edc/plan/ ...

]Scanning /wiz/edc/tmp/ ...

]Scanning /wiz/edc/txt/ ...

]Scanning /wiz/emperor/baby/ ...

]Scanning /wiz/emperor/backup/ ...

]Scanning /wiz/fire/cmds/ ...

]Scanning /wiz/fire/firec/ ...

]Scanning /wiz/fire/modules/ ...

]Scanning /wiz/fire/npc/ ...

]Scanning /wiz/fire/obj/ ...

]Scanning /wiz/fire/project/ ...

]Scanning /wiz/fire/room/ ...

]Scanning /wiz/flee/cmds/ ...

]Scanning /wiz/flee/farm/ ...

]Scanning /wiz/flee/jm/ ...

]Scanning /wiz/flee/landlord/ ...

]Scanning /wiz/flee/law/ ...

]Scanning /wiz/flee/menu/ ...

]Scanning /wiz/flee/mj/ ...

]Scanning /wiz/flee/tmp/ ...

]Scanning /wiz/flee/warjob/ ...

]Scanning /wiz/ghyg/code/ ...

]Scanning /wiz/ghyg/doc/ ...

]Scanning /wiz/ghyg/npc/ ...

]Scanning /wiz/ghyg/obj/ ...

]Scanning /wiz/group/WWW/ ...

]Scanning /wiz/group/cast/ ...

]Scanning /wiz/group/cmds/ ...

]Scanning /wiz/group/help/ ...

]Scanning /wiz/group/jobs/ ...

]Scanning /wiz/group/map/ ...

]Scanning /wiz/group/menu/ ...

]Scanning /wiz/group/room/ ...

]Scanning /wiz/group/troops/ ...

]Scanning /wiz/ice/cmd/ ...

]Scanning /wiz/ice/npc/ ...

]Scanning /wiz/ice/obj/ ...

]Scanning /wiz/ice/other/ ...

]Scanning /wiz/ice/sanguo/ ...

]Scanning /wiz/ice/skills/ ...

]Scanning /wiz/ice/txt/ ...

]Scanning /wiz/laoda/rooms/ ...

]Scanning /wiz/lcm/chencang/ ...

]Scanning /wiz/lcm/exp/ ...

]Scanning /wiz/lcm/help/ ...

]Scanning /wiz/lcm/trade/ ...

]Scanning /wiz/lei/com/ ...

]Scanning /wiz/lei/npc/ ...

]Scanning /wiz/lei/room/ ...

]Scanning /wiz/lei/txt/ ...

]Scanning /wiz/listen/cmd/ ...

]Scanning /wiz/listen/obj/ ...

]Scanning /wiz/listen/sc/ ...

]Scanning /wiz/liz/obj/ ...

]Scanning /wiz/ljty/modules/ ...

]Scanning /wiz/ljty/npc/ ...

]Scanning /wiz/ljty/obj/ ...

]Scanning /wiz/ljty/room/ ...

]Scanning /wiz/ljty/txt/ ...

]Scanning /wiz/ljty/verb/ ...

]Scanning /wiz/mimi/update/ ...

]Scanning /wiz/nono/NPC/ ...

]Scanning /wiz/nono/obj/ ...

]Scanning /wiz/nono/workroom/ ...

]Scanning /wiz/rain/home/ ...

]Scanning /wiz/rain/npc/ ...

]Scanning /wiz/rain/obj/ ...

]Scanning /wiz/rough/archieve/ ...

]Scanning /wiz/rough/yujijob/ ...

]Scanning /wiz/row/cmds/ ...

]Scanning /wiz/row/guard/ ...

]Scanning /wiz/row/law/ ...

]Scanning /wiz/row/npc/ ...

]Scanning /wiz/row/obj/ ...

]Scanning /wiz/row/rooms/ ...

]Scanning /wiz/row/txt/ ...

]Scanning /wiz/shaoyng/npc/ ...

]Scanning /wiz/shaoyng/obj/ ...

]Scanning /wiz/shaoyng/txt/ ...

]Scanning /wiz/suicide/archieve/ ...

]Scanning /wiz/suicide/ev_fate/ ...

]Scanning /wiz/swallow/obj/ ...

]Scanning /wiz/swallow/room/ ...

]Scanning /wiz/tset/cmds/ ...

]Scanning /wiz/tset/death/ ...

]Scanning /wiz/tset/maps/ ...

]Scanning /wiz/tset/xiakou/ ...

]Scanning /wiz/ultra/hongnong/ ...

]Scanning /wiz/valley/cmds/ ...

]Scanning /wiz/valley/daemons/ ...

]Scanning /wiz/valley/task/ ...

]Scanning /wiz/xiaobai/cmds/ ...

]Scanning /wiz/xiaobai/doc/ ...

]Scanning /wiz/xiaobai/menu/ ...

]Scanning /wiz/xiaobai/npc/ ...

]Scanning /wiz/xiaobai/obj/ ...

]Scanning /wiz/xiaobai/work/ ...

]Scanning /wiz/yesh/cmds/ ...

]Scanning /wiz/yesh/daemons/ ...

]Scanning /wiz/yesh/sgdomain/ ...

]Scanning /wiz/yue/cmds/ ...

]Scanning /wiz/yue/npc/ ...

]Scanning /wiz/yue/obj/ ...

]Scanning /wiz/yue/report/ ...

]Scanning /wiz/yue/room/ ...

]Scanning /wiz/yue/test/ ...

]Scanning /wiz/yue/text/ ...

]Scanning /wiz/yuner/ws_ftp/ ...

]Scanning /wiz/yuyin/obj/ ...

]Scanning /wiz/yuyin/room/ ...

]Scanning /wiz/yuyin/u/ ...

]Scanning /wiz/zhanpu/obj/ ...

]Scanning /wiz/ziguang/test/ ...

]Scanning /domains/std/rooms/beach/ ...

]Scanning /domains/std/rooms/caves/ ...

]Scanning /domains/std/rooms/labyrinth/ ...

]Scanning /domains/std/spells/stock-mage/ ...

]Scanning /secure/obj/shell/classes/ ...

]Scanning /sgdomain/area/cities/beihai/ ...

]Scanning /sgdomain/area/cities/beiping/ ...

]Scanning /sgdomain/area/cities/bohai/ ...

]Scanning /sgdomain/area/cities/changsha/ ...

]Scanning /sgdomain/area/cities/chengdu/ ...

]Scanning /sgdomain/area/cities/chibi/ ...

]Scanning /sgdomain/area/cities/guilin/ ...

]Scanning /sgdomain/area/cities/guiyang/ ...

]Scanning /sgdomain/area/cities/hefei/ ...

]Scanning /sgdomain/area/cities/jiangxia/ ...

]Scanning /sgdomain/area/cities/jiangzhou/ ...

]Scanning /sgdomain/area/cities/jianye/ ...

]Scanning /sgdomain/area/cities/jinan/ ...

]Scanning /sgdomain/area/cities/luoyang/ ...

]Scanning /sgdomain/area/cities/nanhai/ ...

]Scanning /sgdomain/area/cities/pingyuan/ ...

]Scanning /sgdomain/area/cities/xiangyang/ ...

]Scanning /sgdomain/area/cities/xuzhou/ ...

]Scanning /sgdomain/area/emp/dan/ ...

]Scanning /sgdomain/area/guan/bailangshan/ ...

]Scanning /sgdomain/area/guan/bowangpo/ ...

]Scanning /sgdomain/area/guan/changbanpo/ ...

]Scanning /sgdomain/area/guan/chanxi/ ...

]Scanning /sgdomain/area/guan/chencang/ ...

]Scanning /sgdomain/area/guan/didao/ ...

]Scanning /sgdomain/area/guan/dingjunshan/ ...

]Scanning /sgdomain/area/guan/guangling/ ...

]Scanning /sgdomain/area/guan/hangu/ ...

]Scanning /sgdomain/area/guan/huarong/ ...

]Scanning /sgdomain/area/guan/huguan/ ...

]Scanning /sgdomain/area/guan/hulaoguan/ ...

]Scanning /sgdomain/area/guan/jiange/ ...

]Scanning /sgdomain/area/guan/jieting/ ...

]Scanning /sgdomain/area/guan/langya/ ...

]Scanning /sgdomain/area/guan/mianchi/ ...

]Scanning /sgdomain/area/guan/mianzhuguan/ ...

]Scanning /sgdomain/area/guan/puyang/ ...

]Scanning /sgdomain/area/guan/qinghe/ ...

]Scanning /sgdomain/area/guan/qishan/ ...

]Scanning /sgdomain/area/guan/ruxukou/ ...

]Scanning /sgdomain/area/guan/shouchun/ ...

]Scanning /sgdomain/area/guan/xiangping/ ...

]Scanning /sgdomain/area/guan/xiaopei/ ...

]Scanning /sgdomain/area/guan/xiliang/ ...

]Scanning /sgdomain/area/guan/xisaishan/ ...

]Scanning /sgdomain/area/guan/yangpingguan/ ...

]Scanning /sgdomain/area/guan/yanmenguan/ ...

]Scanning /sgdomain/area/guan/yiling/ ...

]Scanning /sgdomain/area/town/chenliu/ ...

]Scanning /sgdomain/area/town/danyang/ ...

]Scanning /sgdomain/area/town/fucheng/ ...

]Scanning /sgdomain/area/town/gongan/ ...

]Scanning /sgdomain/area/town/guandu/ ...

]Scanning /sgdomain/area/town/hanzhong/ ...

]Scanning /sgdomain/area/town/hongnong/ ...

]Scanning /sgdomain/area/town/huaiyin/ ...

]Scanning /sgdomain/area/town/jianning/ ...

]Scanning /sgdomain/area/town/jicheng/ ...

]Scanning /sgdomain/area/town/jieqiao/ ...

]Scanning /sgdomain/area/town/kuaiji/ ...

]Scanning /sgdomain/area/town/lingling/ ...

]Scanning /sgdomain/area/town/lujiang/ ...

]Scanning /sgdomain/area/town/luling/ ...

]Scanning /sgdomain/area/town/qinchuan/ ...

]Scanning /sgdomain/area/town/runan/ ...

]Scanning /sgdomain/area/town/shangdang/ ...

]Scanning /sgdomain/area/town/shangyong/ ...

]Scanning /sgdomain/area/town/wan/ ...

]Scanning /sgdomain/area/town/wujun/ ...

]Scanning /sgdomain/area/town/xiabian/ ...

]Scanning /sgdomain/area/town/xiapi/ ...

]Scanning /sgdomain/area/town/xinye/ ...

]Scanning /sgdomain/area/town/ye/ ...

]Scanning /sgdomain/area/town/yijing/ ...

]Scanning /sgdomain/area/town/yongan/ ...

]Scanning /sgdomain/area/town/yuzhang/ ...

]Scanning /sgdomain/area/town/zitong/ ...

]Scanning /sgdomain/base/npc/worker/ ...

]Scanning /sgdomain/modules/m_charnpc/gini/ ...

]Scanning /sgdomain/modules/m_charnpc/guy/ ...

]Scanning /sgdomain/modules/m_charnpc/marriage/ ...

]Scanning /sgdomain/modules/m_charnpc/ppl/ ...

]Scanning /sgdomain/modules/m_charnpc/xianren/ ...

]Scanning /sgdomain/obj/cloth/armors/ ...

]Scanning /sgdomain/obj/cloth/hats/ ...

]Scanning /sgdomain/obj/cloth/shoes/ ...

]Scanning /sgdomain/obj/cloth/torso/ ...

]Scanning /sgdomain/obj/weapon/blade/ ...

]Scanning /sgdomain/obj/weapon/hammer/ ...

]Scanning /sgdomain/obj/weapon/ji/ ...

]Scanning /sgdomain/obj/weapon/sword/ ...

]Scanning /sgdomain/txt/other/fomular/ ...

]Scanning /wiz/benben/map/hangu/ ...

]Scanning /wiz/benben/obj/cloth/ ...

]Scanning /wiz/benben/room/caolu/ ...

]Scanning /wiz/benben/room/longxi/ ...

]Scanning /wiz/benben/room/taiyuan/ ...

]Scanning /wiz/benben/room/xianyang/ ...

]Scanning /wiz/fire/npc/semote_test/ ...

]Scanning /wiz/fire/obj/wear/ ...

]Scanning /wiz/fire/room/private/ ...

]Scanning /wiz/flee/law/ev_judge/ ...

]Scanning /wiz/group/WWW/photo/ ...

]Scanning /wiz/ice/obj/furniture/ ...

]Scanning /wiz/ice/sanguo/article/ ...

]Scanning /wiz/ice/sanguo/city_maps/ ...

]Scanning /wiz/ice/sanguo/help/ ...

]Scanning /wiz/ice/sanguo/maps/ ...

]Scanning /wiz/ice/sanguo/others/ ...

]Scanning /wiz/ice/sanguo/pics/ ...

]Scanning /wiz/ice/sanguo/skills/ ...

]Scanning /wiz/ljty/obj/door/ ...

]Scanning /wiz/ljty/room/luoyang/ ...

]Scanning /wiz/row/cmds/area_d/ ...

]Scanning /wiz/row/law/ev_annual/ ...

]Scanning /wiz/row/law/union_channel_d/ ...

]Scanning /wiz/row/obj/weapon/ ...

]Scanning /wiz/shaoyng/obj/wear/ ...

]Scanning /wiz/tset/xiakou/npc/ ...

]Scanning /wiz/tset/xiakou/obj/ ...

]Scanning /wiz/valley/cmds/player/ ...

]Scanning /wiz/xiaobai/npc/bak/ ...

]Scanning /wiz/xiaobai/work/bak/ ...

]Scanning /wiz/xiaobai/work/cmds/ ...

]Scanning /wiz/xiaobai/work/daemons/ ...

]Scanning /wiz/xiaobai/work/jimou/ ...

]Scanning /wiz/xiaobai/work/log/ ...

]Scanning /wiz/xiaobai/work/npc/ ...

]Scanning /wiz/xiaobai/work/war/ ...

]Scanning /wiz/yesh/cmds/player/ ...

]Scanning /wiz/yesh/daemons/area_d/ ...

]Scanning /wiz/yesh/sgdomain/cmd/ ...

]Scanning /wiz/yue/obj/door/ ...

]Scanning /wiz/yue/room/hell/ ...

]Scanning /sgdomain/modules/m_charnpc/marriage/huajiao/ ...

]Scanning /wiz/xiaobai/work/war/daemons/ ...

]Scanning /wiz/xiaobai/work/war/include/ ...

]Scanning /wiz/xiaobai/work/war/daemons/sgtroop_d/ ...

]Done.

]SGHELP_D 开始重建三国志帮助系统 ... 

]Warning base has more than one location

