pingyuan 发生 murrain 级别 5 at Fri Mar 10 01:38:36 2000 
pingyuan 发生 murrain 级别 6 at Fri Mar 10 01:45:28 2000 
pingyuan 发生 murrain 级别 9 at Fri Mar 10 01:45:48 2000 
pingyuan 发生 murrain 级别 4 at Fri Mar 10 01:51:05 2000 
pingyuan 发生 murrain 级别 10 at Fri Mar 10 01:59:16 2000 
huarong 发生 flood 级别 9 at Fri Mar 10 02:09:56 2000 
lujiang 躲过 flood at Fri Mar 10 02:16:20 2000
poyang 躲过 fire at Fri Mar 10 02:16:25 2000
huarong 发生 fire 级别 8 at Fri Mar 10 02:16:45 2000 
yuzhang 发生 murrain 级别 6 at Fri Mar 10 02:19:12 2000 
guilin 躲过 murrain at Fri Mar 10 02:19:22 2000
yiling 发生 fire 级别 10 at Fri Mar 10 02:19:42 2000 
jieqiao 发生 murrain 级别 1 at Sun Apr 14 01:07:55 2002 
jieqiao 发生 murrain 级别 7 at Sun Apr 14 01:07:55 2002 
yijing 发生 locust 级别 4 at Sun Apr 14 01:08:15 2002 
yijing 发生 locust 级别 7 at Sun Apr 14 01:08:15 2002 
xiangping 发生 murrain 级别 4 at Sun Apr 14 01:08:35 2002 
xiangping 发生 murrain 级别 5 at Sun Apr 14 01:08:35 2002 
chibi 躲过 earthquake at Sun Apr 14 05:01:15 2002
chibi 躲过 earthquake at Sun Apr 14 05:01:15 2002
mianchi 发生 murrain 级别 2 at Sun Apr 14 05:01:35 2002 
mianchi 发生 murrain 级别 7 at Sun Apr 14 05:01:35 2002 
changbanpo 躲过 fire at Sun Apr 14 05:01:40 2002
changbanpo 躲过 fire at Sun Apr 14 05:01:50 2002
bailangshan 发生 fire 级别 1 at Sun Apr 14 13:01:30 2002 
bailangshan 发生 fire 级别 5 at Sun Apr 14 13:01:30 2002 
chanxi 躲过 earthquake at Sun Apr 14 13:01:35 2002
chanxi 躲过 earthquake at Sun Apr 14 13:01:35 2002
beiping 躲过 fire at Sun Apr 14 13:01:40 2002
beiping 躲过 fire at Sun Apr 14 13:01:40 2002
hulaoguan 发生 fire 级别 8 at Sun Apr 14 21:01:30 2002 
hulaoguan 发生 fire 级别 4 at Sun Apr 14 21:01:30 2002 
daixian 发生 earthquake 级别 7 at Sun Apr 14 21:01:50 2002 
daixian 发生 earthquake 级别 4 at Sun Apr 14 21:01:50 2002 
