                       【咸阳地图】
                                           ^北
                              

             □□□□□□□□□□□□□□□□□□□□□□□□□□
             □                   ┌───┐         	       □            
	     □ ┌───┐ 	  │官 宅 │ 		       □
             □	│      │	  │      │	               □
             □ │姬  陵│	  └─┬─┘ 		       □
             □ │      ├─────北大街──议事厅           □
             □ └───┘ 	      │	  ┌───┐   □
             □  	牢狱  医所─北大街─军营  │春华楼│   □
             □    	 │	      │     │   │	  │   □
             □ 	大堂─衙门─北大街  校场  └─┬─┘   □
             西 	   	      │	      │       东
（通向陈仓） 城	──西大街─西大街─城中心─东大街─东大街── 城（通向泾阳） 
             门	      │      │      │      │      │       门
             □     探马营  兵器铺  南大街   客栈    驿站      □
             □		              │	  	       □
             □ 	仓库─马场─南大街─酒馆     	       □
	     □		              │	      	       □
             □		     粪池   南大街     民宅	       □	
	     □  	      │      │	│             □	
	     □	      菜园─南城巷─南城巷──南城巷─小庙     □	
	     □						       □	
	     □□□□□□□□□□□□□□□□□□□□□□□□□□

