                       【西凉地图】
                                           ^北
                              

             □□□□□□□□□□□□□□□□□□□□□□□□□□
             □                  ┌───┐                    □            
	     □    		 │ 征西 │	               □
             □	        	 │将军府│	               □
             □       	   马场	 └─┬─┘	     牢狱      □
             □        	    │       │		      │       □
             □    校场──军营──夕阳街──衙门──大堂      □
             □  	    	     │		      │       □
             □┌──┐    	     │		     内堂      □
             □│ 官 ├─碎石小道─夕阳街─牌坊─祠堂          □
             □│    │	   	     │		     	       □
 	     □│ 宅 │	 	     │			       □	
             □└──┘	 ┌─戏棚─夕阳街─小巷─小巷─破屋    □
             □         后台         │	     ┌───┐        □
             □		             │      │ 粮   │	       □
             □ 	  杂货铺 ─夕阳街──┤      │	       □
	     □	 帐篷                │      │	仓   │        □
             □	  │		     │	     └───┘        □	
	     □  小桥─水渠─阴沟─夕阳街─兵器铺 	       □	
	     □			     │ 		       □	
	     □			     │			       □	
	     □□□□□□□□□□□南城门□□□□□□□□□□□□

				（通向狄道）
