   0                 1                   2                   3
    1 2 3 4 5 6 7 8 9 0 1 2 3 4 5 6 7 8 9 0 1 2 3 4 5 6 7 8 9 0 1 2 3 
  ┏━━━━━━━━━━━━━━━━━━━━━━━━━━━━━━━━━┓
ａ┃．～～～～～～～～～～～～～～～～～～～．．．．．．．．．．～～～┃ａ
ｂ┃～～～～～～～～～～～～～～～～～～～～～～．．．．～～～～～～～┃ｂ
ｃ┃～～～～～～～．．．．．．．．．．．．～～～～～～～～～～～．．．┃ｃ
ｄ┃．．♂♂♂．．．．．．．．．⑴．．．．．．～～～～～～～．．．．．┃ｄ
ｅ┃．♂♂♂♂♂♂．．．．．．⑶．⑵．．．．．．．．．．．．．．．．．┃ｅ
ｆ┃．♂♂♂③♂♂♂♂♂．．．．．．．．．．．．．．．．．．．．．．．┃ｆ
ｇ┃．．♂♂♂♂♂♂．．．．．．．．．．．．．．．．．．．．．．．．．┃ｇ
ｈ┃．．．♂♂♂．．．．．．．．．．．．．．．＊＊＊＊＊＊．．．．．．┃ｈ
ｉ┃．．．．．．．．．．．②．．．．．．．．＊＊＊＊＊＊．．．．．．．┃ｉ
ｊ┃．．．．．．．．．．．．．．．．．．．＊＊＊＊＊＊＊．．．．．．．┃ｊ
ｋ┃．．．．．．┌───┐．．．．．．＊＊＊＊＊＊＊＊＊＊．．．．．．┃ｋ
ｌ┃．．．．．．│    ①│．．．．．．＊＊＊＊＊＊＊＊＊＊＊＊．．．．┃ｌ
ｍ┃．．．．．．│  ◎  │．．．．．＊＊＊＊＊＊＊＊＊＊＊＊＊＊．．．┃ｍ
ｎ┃．．．．．．│      │．．．．．．＊＊＊＊＊＊＊＊＊＊＊．．．．．┃ｎ
ｏ┃．．．．．．└───┘．．．．．．．．．．．．．．．．⑷．．．．．┃ｏ
ｐ┃．．．．．．．．．．．．．．．．．．．．．．．．．．．♂♂♂♂♂♂┃ｐ
ｑ┃．．．．．．．．．．．．．．．．．．．．．．．．．．♂♂♂♂♂♂∧┃ｑ
ｒ┃．．∧∧．．．．．．．．．．．．．．．．．．．．．♂♂♂♂♂♂♂∧┃ｒ
ｓ┃．∧∧∧．．．．．．．．．．．．．．．．．．．．∧∧∧∧∧∧∧∧∧┃ｓ
ｔ┃∧∧∧∧∧∧∧∧∧∧∧．．．．．．．．．．∧∧∧∧∧∧※※※※※※┃ｔ
  ┗━━━━━━━━━━━━━━━━━━━━━━━━━━━━━━━━━┛
    1 2 3 4 5 6 7 8 9 0 1 2 3 4 5 6 7 8 9 0 1 2 3 4 5 6 7 8 9 0 1 2 3 
   0                 1                   2                   3
