Auguest 5th ,2001
Purpose: add a new job called setppl

Here is the list of files that are creat:
/sgdomain/job/setppl/setppl.c
这个文件是当玩家象太守要求setppl 任务时所调用的。

/sgdomain/cmd/setppl.c
这个文件是玩家用cmd setppl 来设置间谍时调用的。


Here is the list of files that are modified:

/sgdomain/event/ev_job.c
把setppl 放入当玩家象太守询问工作时的菜单中。

/sgdomain/event/ev_guy.c
新增 function creat_fake_guy() 来创建一个间谍
新增 function array get_array_type() to 来返回一个随机的guy type 的次序 
变更 function creat_guy() 使它在要创建的guy 是已经存在的fake guy 时返回0

/daemons/area_d.c
新增 function reduce_soldier() 当参数为type="sum"时，先试图减少footman，
不够再用其他兵种补充。当总兵数少于被减数时，返回 0.

/sgdomain/job/fanpeople/fanpeople.c
由于fake guy 的出现，对people 的侦测做了必要的调整。
 
/sgdomain/job/visitpeople/visitpeople.c
由于fake guy 的出现，对people 的侦测做必要的调整。

/sgdomain/base/control.c
新增 function reduce_ppl 减少农夫。
当农夫总量不够减是，农场降级
如果农场降级前等级为1，农场关闭。

/sgdomain/cmd/resign.c
把 setppl 加入不得cmd resign 的行列。

/sgdomain/modules/m_charnpc/guy.c
参照suicide citizen 的做法，使得fake guy 存在的时间大约在10分钟左右。

/sgdomain/modules/m_charnpc/guy/guy_thought.c
如果是fake guy ,初试status 提高并保证征兵，拉农夫，拉亲兵成功。

/sgdomain/modules/m_charnpc/guy/guy_final.c
在这个文件中包含了对征兵，拉农夫，拉亲兵fake guy 的惩罚

/help/player/sanguo/job/setppl
setppl job 的帮助文件。

-listen
