07/2001
Update  /sgdomain/npc/shuijing.c
	add compensate for restart

07/2001
Update	/sgdomain/event/war/att_input.c
	cancel 进攻方混编兵种
Update	/sgdomain/event/war/def_input.c
	cancel 防守方混编兵种
	
07/2001
Update	/daemons/warai_d/array_attack.c
	cancel 弓兵贴身射击
	
08/01/2001
Create	/cmds/player/setWar.c
	enable war for testing
Create	/cmds/player/setArmy.c
	set army type and number of city for testing
Create	/cmds/player/setCity.c
	set city anding, train, morale for testing
	
08/03/2001
Update	/sgdomain/event/war/def_input.c
Update	/sgdomain/event/war/def_arrange.c
	解决npc自动分兵只分民兵问题, 改变suicide算法(将军最大化, 士兵平均化)
	新算法: 优先分剩余最多的兵种, troop兵力最大化

08/04/2001
Update	/sgdomain/event/war/att_input.c
Update	/sgdomain/event/war/def_input.c
	给"输入选择兵种"加了个数字提示
Update	/sgdomain/event/war/def_arrange.c
	add a new property "who_defend" to war task, which can be used in array_attack.c
Update	/daemons/warai_d/array_attack.c
	add anti-bowman
Update	/sgdomain/modules/m_charnpc/guy/guy_final.c
	open multitroop for recruit, 1/5 get bowman, cavalry and 3/5 get footman
Update	/sgdomain/modules/m_charnpc/guy/guy_thouht.c
	increase recruiting success probility
Update	/sgdomain/event/war/train_question.c
	delete the question on bowman directly array
	
08/05/2001
Update  /sgdomain/event/war/def_arrange.c
	cancel the "who_defend" property, this job move to array_attack.c
Update  /daemons/warai_d/array_attack.c
	add a little code to do the same job as "who_defend"
	
08/07/2001
Create	/sgdomain/troops/waterman.c
	add waterman

08/13/2001	
Update	/sgdomain/troops/cavalry.c
	cut cavalry's movement cost
Update	/deamons/warai_d/array_attack.c
	cut bowman's attacking from *10 to *2
Update	/deamons/warai_d/attack.c
	increase bowman's array busy time from 3 to 5
	