21.08.2001
* bug fixed 部队在某地形的攻击率
    /daemons/map_d.c
    function "mixed get_map_cell(string city_name, int y, int x,string what)"
    what == "attack_rate" 的时候，原来居然是呼叫
    int get_defence_rate(string p_type) 的，
    对应的应该是呼叫
    int get_attack_rate(string p_type)

* changed /daemons/warai_d/array_attack.c
    1) function "mixed do_array_attack(int p_id,string dir)" 里
        将具体地图单元上对弓兵的反击放到：
        /daemons/warai_d/kill.c 的 
        void general_attack_kill_back( int p_id,string dir ) 里
    2) 因为降低了对弓兵反击的强度，考虑弓兵攻击时通常不
       会有损失(对非 npc), 将弓兵的杀伤力调低了 1/5.
    
* changed /daemons/warai_d/kill.c
    void general_attack_kill_back( int p_id,string dir ) 里
    1) 对弓兵的反击为普通的一半
    2) 只有当被射击部队非人控(且防守方主帅非人控)时，才对
       弓兵进行反击
    
