20.08.2001
* changed /sgdomain/troops/bowman.c
    bowman 的能量消耗和恢复改到和 footman 一样
    
* changed /daemons/troop_d/troop_attack.c
    function int adj_num(int num)
    部队士兵数上限由 2k 改到 4k
    
* changed /daemons/troop_d/horse.c
    funcion int get_horse_kills(int p_id) // not real number
    对士兵数 p_n 加入换算 adj_num()

* changed /daemons/troop_d/array.c
    funcion int get_array_kills(int p_id) // not real number
    对士兵数 p_n 加入换算 adj_num()

* changed /daemons/warai_d/horse_attack.c
    function void horse_attack_kill(int p_id, string dir)
    调整了杀伤的系数 p_kill, 为原来的 1.1 倍
    
* changed /daemons/warai_d/array_attack.c
    function void array_attack_kill(int p_id, string dir)
    调整了杀伤的系数 p_kill
    
* changed /sgdomain/event/ev_localmeeting/suggestion
    function get_suggestion(..)
    出兵建议不受当天建议次数限制

* changed /daemons/map_d.c
    function preview(...)
        以地图单元上的第一支部队的第一位将领的中文名字中的第一
        个字作为显示。
        自己的部队仍然是 M 不变。
        