                       【长安地图】

                    （通往咸阳、泾阳）         ^北
□□□□□□□□□□□□□□北城门□□□□□□□□□□□□□
□      营房 军营大帐         │       馆驿     粮仓      □
□       │     │            │        │       │       □
□新田─马场──北──────大────街── 青石路     □
□      │                    │                 │       □
□      永─钱庄    武器库─演武场               长       □
□      │       % % % % % % % % % % % %   前庭  │       □
□      │       % 寝宫─后宫─御花园  %    │   │       □
□当铺─昌       %        │           %   衙门─乐─监狱 □
□      │       %     金銮殿侧        %    │   │       □
□      街─书店 %        │           %   后堂  街-鲁氏行□
□      │       % % % 皇宫大门% % % % %         │       □
□      │                │＼                   │       □ 通
□      │      绸缎庄    │ 驿站     珠宝店     │       东 往
□民宅─西──大─┴街─城中心──东──┴大── 街 ───城 华
□     小道               │                     │       门 阴
□      │                南            兵器铺─小路      □
□    太师府      药铺──大──四海酒楼                  □
□      │                街                              □
□    凤仪亭              │                              □
□□□□□□□□□□□□南城门□□□□□□□□□□□□□□□
                   （通往五丈原、武关）
