                          【成都地图】
                                                ^北
                          （通向梓潼）

 □□□□□□□□□□□□□□北城门□□□□□□□□□□□□□□
 □                            │                            □
 □演武场─仁义路    丝绸店─小石路─成衣店                  □
 □          │                │                            □
 □土谷祠─仁义路      寝宫─成德殿─上书房                  □
 □          │                │                            □
 □  马场─仁义路             皇宫               驿站        □
 □          │                │                 │         □
 □      西青石路─蜀王道西─城中心─蜀王道东─东青石路─民宅□
 □          │                │                 │         □
 □         官宅     杂货铺─石板路─客栈       铁匠铺       □
 □                            │                            □
 □        监狱─大堂─衙门─石板路─酒楼─雅座              □
 □               │           │                            □
 □              内堂  钱庄─石板路─点心店                  □
 □               │           │                            □
 □              花园  磨坊─石板路─军营─议事厅            □
 □                            │                            □
 □        贫民窟─阴暗小巷─石板路─菜市                    □
 □                            │                            □
 □□□□□□□□□□□□□□南城门□□□□□□□□□□□□□□

                          （通向江州）

