                           【江州地图】
                                           ^北
    ∧∧∧∧    ∧∧∧ ∧∧巴  ∧∧∧  山 ∧∧∧  ∧ ∧∧  ∧∧
     ∧∧ ∧∧ ∧∧       ∧∧ ∧∧ ∧  ∧   ∧∧  ∧∧   ∧
            □□□□□□□□□□□□□□□□□□□□□
            □┌───太──平───北──街───┐□
            □太      │            │    │      太□
            □│     民居          花店   │      │□
            □平                        议事厅──平□
            □│                                  │□
            □西─校场─军营        牢狱─大堂    东□
            □│                           │     │□
            □街─驿站           布庄     衙门──街□
            西│   │             │       │     │东
（通往成都）  ┼─官────┬──┴────道──┼  （通往永安）
            门│   │       │             │     │门
            □太  客栈    豆腐坊          戏台    太□
            □│            ┌───┐            │□
            □平─杂货铺    │      │      酒馆─平□
            □│            │ 官宅 │            │□
            □西            │      │            东□
            □├─冶铁场    └─┬─┘    聚会所─┤□
            □街                │                街□
            □└───太──平─┴─南──街───┘□
            □□□□□□□□□□□□□□□□□□□□□
