                         【陇西地图】
                                           ^北

  □□□□□□□□□□□□□□□□□□□□□□□□□□
  □                                                □
  □  ┌───┐   土地庙   民宅 杨铁匠铺 戏棚      □
  □  │      │     │      │      │   │        □
  □  │官  宅├──小巷──小巷──小巷─┼─客店  □
  □  │      │                          北        □
  □  └───┘            ┌───┐    │        □
  □       牢狱──大堂     │玉真楼│    宸─相馆  □
  □                │      │      │    │        □
  □               衙门     └─┬─┘    街─饺子馆□
  □┌───┐      │          │        │        东
  □│点将台├┬──前──门──大──街─┼────城（通向天水） 
  □│      ││    │    │              │        门
  □└───┘│    │   军营       仓库─斗─驿站  □
  □          │    │    │              │        □
  □          │   粮仓  校场     点心铺─南─布道场□
  □    ┌──┴┐                        │        □
  □    │角力场│          ┌───┐    街        □
  □    │      │          │将军府├──┘        □
  □    │      │          │      │              □
  □    └───┘          └───┘              □
  □□□□□□□□□□□□□□□□□□□□□□□□□□
