                                 【洛阳城地图】
                                                            ^北
                                 （通向壶关）
  ≈≈≈≈≈≈≈≈≈≈≈≈≈≈≈≈│      │≈≈≈≈≈≈≈≈≈≈≈≈≈≈≈≈
  ≈ ≈≈≈    ≈≈≈    ≈≈≈   │北吊桥│   ≈≈≈    ≈≈≈    ≈≈≈ ≈
  ≈                              │      │                              ≈
  ≈    □□□□□□□□□□□□□□北城门□□□□□□□□□□□□□□    ≈
  ≈ ≈ □                            │    ┌───────┐      □ ≈ ≈
  ≈ ≈ □                          北大街─┤     废墟     │      □ ≈ ≈
  ≈ ≈ □                            │    └───────┘      □ ≈ ≈
  ≈    □                禁卫军营─北大街─禁卫军营                □    ≈
  ≈ ≈ □    ┌────┐            │          ┌───┐        □ ≈ ≈
  ≈ ≈ □    │        │  御医院─北大街─聚金阁│ 豪宅 │        □ ≈ ≈
  ≈ ≈ □    │  官宅  │            │          └─┬─┘        □ ≈ ≈
  ≈    □    │        ├─城北巷─北大街─城北巷─福禄巷─云雨阁  □    ≈
  ≈    □    └────┘            │              │            □    ≈
  ≈ ≈ □           牢狱     书院─北大街─雕花楼  福禄巷─太师府  □ ≈ ≈
  ≈ ≈ □            │              │              │            □ ≈ ≈
  ≈ ≈ □     后院─大堂 牡丹花圃─北大街  骠骑营─福禄巷─花园    □ ≈ ≈
  ≈　  □            │           　 │              │            □    ≈
通───□   牛棚    衙门    马场 ┌─┴─┐ 茶馆     │    菜市场  □    ≈
向  西  西    │      │      │  │      │  │      │      │    □ ≈ ≈
渑  吊  城─西大街─西大街─西大街┤城中心├东大街─东大街─东大街  □ ≈ ≈
池  桥  门    │      │      │  │      │  │      │      │    □ ≈ ≈
  ───□赌场┤    白马寺   药铺 └─┬─┘ 当铺   铁匠铺    城    □    ≈
  ≈    □    城                      │                      │    □    ≈
  ≈ ≈ □    西─果品摊      钱庄─南大街─杂货铺      民宅─东    □ ≈ ≈
  ≈ ≈ □    巷                      │                      │    □ ≈ ≈
  ≈    □    │    主帅营帐─兵营─南大街─茶楼   天桥 菜园─巷    □    ≈
  ≈    □    │                      │            │        │    □    ≈
  ≈ ≈ □   枯井-─泥泞小巷────南大街────城南巷──贫民窟  □ ≈ ≈
  ≈ ≈ □             │             │            │              □ ≈ ≈
  ≈    □            破庙    客栈─南大街─驿站   艺馆             □    ≈
  ≈    □                            │                            □    ≈
  ≈ ≈ □□□□□□□□□□□□□□南城门□□□□□□□□□□□□□□ ≈ ≈
  ≈ ≈                           │      │                           ≈ ≈
  ≈ ≈    ≈≈≈    ≈≈≈       │南吊桥│   ≈≈≈    ≈≈≈        ≈ ≈
  ≈≈≈≈≈≈≈≈≈≈≈≈≈≈≈≈│      │≈≈≈≈≈≈≈≈≈≈≈≈≈≈≈≈
                              （通向宛城、许昌）
