                               【天下大势】
◎＝＝＝＝＝＝＝＝＝＝＝＝＝＝＝＝＝＝＝＝＝＝＝＝＝＝＝＝＝＝＝＝＝＝＝＝◎
‖                                       代县CT CT 易京CT  CT CT白狼山 CT ‖
‖ 西凉CT 街亭 安定              雁门关      蓟城   南皮CT 北平 济南 襄平 ‖
‖  狄道CT CT   CT          太原CT   CT 晋阳CT清河CT CT平原 界桥CT CT渤海 ‖
‖陇西CT CT CT秦川 咸阳 泾阳 上党CT     壶关 邺CT  陈留  CT CT白马 CT北海 ‖
‖     天水  CT陈仓 CT CT 华阴 函谷关 渑池  CT 官渡CT CT CT CT濮阳        ‖
‖  祁山         长安CT  CT CT  CT  CT CT CT   许昌 谯 定陶       CT琅邪  ‖
‖   CT    五丈原CT 武关CT  潼关   弘农  洛阳 CT CT  CT CT CT   CT  CT    ‖
‖下弁CT 阳平关 CT汉中          CT宛    汝南CT 虎牢关 徐州 小沛 下邳 广陵 ‖
‖定军山CT CT   上庸       博望坡CT              寿春CT                   ‖
‖     CT剑阁    CT           新野CT                合淝CT     CT淮阴     ‖
‖涪城CT CT梓潼       澶溪CT CT   CT长坂坡   濡须口                       ‖
‖ CT绵竹关     夷陵        襄阳      庐江CT   CT        CT建业           ‖
‖CT成都  永安CT CT 江陵         江夏CT         CT丹阳                    ‖
‖    CT江州         CT 公安    CT赤壁     CT西塞山      CT吴郡    CT钱塘 ‖
‖CT建宁       武陵CT   CT  CT  CT长沙   CT柴桑  CT鄱阳                   ‖
‖CT云南       零陵CT    华容   CT桂阳    CT豫章         CT会稽           ‖
‖                        桂林CT  CT南海   CT庐陵                         ‖
◎＝＝＝＝＝＝＝＝＝＝＝＝＝＝＝＝＝＝＝＝＝＝＝＝＝＝＝＝＝＝＝＝＝＝＝＝◎
