                        【三国时代各州分布图】

◎＝＝＝＝＝＝＝＝＝＝＝＝＝＝＝＝＝＝＝＝＝＝＝＝＝＝＝＝＝＝＝＝＝◎
‖                              ┌────────────────┐‖
‖      ┌┐          ┌────┤    %^GREEN%^幽       州%^RESET%^      ▲北平     │‖
‖      │└─┐      │%^YELLOW%^并%^RESET%^★太原├───┬────┬────┬──┤‖
‖  ┌─┘■  │      │  ┌──┘      │■    %^CYAN%^兖%^RESET%^│%^MAGENTA%^冀%^RESET%^      │%^ORANGE%^青%^RESET%^  │‖
‖  │   西凉 │      │%^YELLOW%^州%^RESET%^│            │ 邺     │ ★南皮 │北海│‖
‖  │%^RED%^凉    州%^RESET%^├───┴┬┘  %^H_CYAN%^司    隶%^RESET%^  │      %^CYAN%^州%^RESET%^│      %^MAGENTA%^州%^RESET%^│%^ORANGE%^州%^RESET%^▲│‖
‖  └┬──┬┘      %^H_GREEN%^雍%^RESET%^│          ┌─┴─┬──┴────┴──┤‖
‖    │%^B_CYAN%^%^WHITE%^梁%^RESET%^  └┐长安    │      ★  │%^H_RED%^豫  州%^RESET%^│           %^H_MAGENTA%^徐   州%^RESET%^  │‖
‖    │    ■│ ★   %^H_GREEN%^州%^RESET%^│    洛阳  │许昌  │ 徐州■             │‖
‖    │  汉中├────┴─────┤★┌─┴────────┬─┘‖
‖┌┬┘%^B_CYAN%^%^WHITE%^州%^RESET%^    │       ★襄阳   %^B_GREEN%^%^WHITE%^北%^RESET%^  └─┤   %^B_BLUE%^%^WHITE%^扬%^RESET%^           建业│    ‖
‖│└────┤                  %^B_GREEN%^%^WHITE%^荆%^RESET%^    ├───┐ %^B_BLUE%^%^WHITE%^州%^RESET%^     ★  │    ‖
‖│          ├────────┐  %^B_GREEN%^%^WHITE%^州%^RESET%^  │■庐江├────┐  │    ‖
‖│      %^B_RED%^%^WHITE%^益%^RESET%^  │     江陵       └┬──┘      │        │  │    ‖
‖│★        │    ■            │      %^B_WHITE%^%^BLACK%^郢%^RESET%^    │        │  │    ‖
‖│成都      │%^B_ORANGE%^%^WHITE%^南%^RESET%^   %^B_ORANGE%^%^WHITE%^荆%^RESET%^   %^B_ORANGE%^%^WHITE%^州%^RESET%^┌──┴──┐      │        └─┘    ‖
‖│      %^B_RED%^%^%^WHITE%^州%^RESET%^  │            │ %^B_MAGENTA%^%^WHITE%^交%^RESET%^    %^B_MAGENTA%^%^WHITE%^州%^RESET%^ │    %^B_WHITE%^%^BLACK%^州%^RESET%^│                  ‖
‖│          │            │ 南海◆   │      │                  ‖
‖└─────┴──────┴─────┴───┘                  ‖
◎＝＝＝＝＝＝＝＝＝＝＝＝＝＝＝＝＝＝＝＝＝＝＝＝＝＝＝＝＝＝＝＝＝◎
注：各州内所标明的地区乃州治所。

