                      【三国时代总地图西南部分】
◎＝＝＝＝＝＝＝＝＝＝＝＝＝＝＝＝＝＝＝＝＝＝＝＝＝＝＝＝＝＝＝＝＝＝◎
‖ ∧∧ │（至天水）五丈原／ 至 ＼ 武关    ∧∧    ／（至洛阳）∧     ‖
‖∧祁山CT  ┌───┬─CT (长安) CT   宛  ∧    ／ ∧  ∧∧∧        ‖
‖横∧  └─CT┐  ∧ ＼           └──CT───┤     ∧∧  ∧∧     ‖
‖ ∧∧∧下弁 │  ∧   CT汉中 ∧∧∧     ＼ 博望 ＼                   ‖
‖∧断  ∧∧   ＼定军山／ ＼      ∧∧∧   CT坡   └────（至汝南）‖
‖   ∧∧  ∧剑阁CT─CT     ＼上庸           ＼       ∧∧∧∧        ‖
‖∧  山  ∧ CT─ ∧∧阳平关 CT─────┬──CT新野  ∧武当山∧     ‖
‖  ∧∧涪城 │     ∧∧∧  ／  ∧∧澶溪 CT──CT──CT──（至江夏） ‖
‖ ┌──CT─CT梓潼  ∧┌─┘  ∧ ∧∧  ∧    襄阳  ／长坂坡          ‖
‖ CT绵竹关∧∧∧    CT┘江汉平原 CT夷陵          ／ ∧∧ ∧          ‖
‖ │  ∧巫∧山∧永安│＼      ／ │ ＼    江陵 ／      ∧∧≈        ‖
‖ CT成都∧  ∧  ∧ ／  └──┘  │  └──CT─     ≈≈≈≈         ‖
‖ │＼   巴∧山  ／      ≈≈≈≈‖≈≈≈≈‖≈≈≈  ≈      ≈      ‖
‖ CT └─-CT──┘    ≈  ≈ 长  ‖ ≈ 江  ‖ ≈    ≈≈≈≈         ‖
‖ │建宁   江州     ≈            ＼武陵    ＼  华容                 ‖
‖ CT      ∧     ≈ ≈ ∧∧∧      └CT┐公安CT─CT────（至赤壁）‖
‖云南    ∧∧   ≈ ≈   ∧∧  ∧       ├─────────（至长沙）‖
‖∧ ∧∧∧    ≈≈  ∧∧  ∧∧  ∧ 零陵CT─────────（至桂阳）‖
◎＝＝＝＝＝＝＝＝＝＝＝＝＝＝＝＝＝＝＝＝＝＝＝＝＝＝＝＝＝＝＝＝＝＝◎
 ★ 大型城市   ■ 中型城市   ▲ 小型城镇   ◆ 村    庄   ● 关隘、战场
 ∧ 山    脉   ≈ 河    流   ─ │ ／ ＼      道    路   ‖ 桥    梁
