                       【三国时代总地图东南部分】
◎＝＝＝＝＝＝＝＝＝＝＝＝＝＝＝＝＝＝＝＝＝＝＝＝＝＝＝＝＝＝＝＝＝＝◎
‖∧∧ ∧∧(至谯城)／    (至徐州)／  ┌─────────／│(至下邳) ‖
‖────────CT┐ ≈≈   ≈┆  ／≈≈  ≈  ≈  ≈  ≈ ┆ ≈      ‖
‖(至宛城) ∧∧ 汝南 ＼     寿春┆／≈≈≈≈≈≈≈≈≈≈≈ ┆≈≈≈   ‖
‖∧ ∧∧∧∧   ∧∧∧└────CT─────CT───┬──CT淮阴      ‖
‖∧∧∧∧∧  ∧∧∧∧ ∧∧∧      ┌───┘ 合淝≈┆≈              ‖
‖─────      ≈≈≈≈≈  庐江／   ≈    ≈≈≈ ┆ ≈   ≈≈      ‖
‖(至长坂坡)＼  ≈   ≈     ≈┌CT──┄┄┄CT───CT建业    ≈      ‖
‖∧         ┆  ≈≈≈≈≈   ┆≈≈≈  ≈ 濡须口     ＼    ≈≈≈    ‖
‖∧≈≈≈≈≈┄┄CT江夏    ≈┆≈     ≈    ∧∧  ∧   ＼            ‖
‖≈长 ≈≈ 江≈／  ＼  ┌──┤≈≈≈    ∧∧∧ ∧      CT吴郡-CT钱塘‖
‖≈  ┌──CT─  西塞山CT    └─CT丹阳   ∧∧  ∧∧    │∧∧       ‖
‖──┘赤壁│＼        │＼            ∧∧∧ ∧∧ ∧   │  ∧∧     ‖
‖(至华容) ／   ＼      │ └──CT鄱阳  ∧∧∧  ∧∧    CT会稽       ‖
‖────CT长沙 └──-CT柴桑 ∧∧∧        ∧∧ ∧∧ ∧   ∧∧  ∧∧‖
‖(至武陵)│    ∧∧     ＼    ∧∧ ∧∧    ∧∧∧ ∧∧ ∧ ∧∧∧     ‖
‖────CT桂阳  ∧∧豫章CT ∧∧   ∧∧    ∧∧   ∧∧∧∧∧         ‖
‖(至零陵) ＼   ∧∧∧    │     ∧∧    ∧∧  ∧∧  ∧∧∧∧ ∧∧    ‖
‖  桂林CT─┴─CT南海──CT庐陵  ∧∧∧  ∧∧  ∧∧∧∧ ∧∧∧∧  ∧ ‖
◎＝＝＝＝＝＝＝＝＝＝＝＝＝＝＝＝＝＝＝＝＝＝＝＝＝＝＝＝＝＝＝＝＝＝◎
 ★ 大型城市   ■ 中型城市   ▲ 小型城镇   ◆ 村    庄   ● 关隘、战场
 ∧ 山    脉   ≈ 河    流   ─ │ ／ ＼      道    路   ┆ ┄  桥  梁

