                            【宛城地图】
                                           ^北
     □□□□□□□□□□□□□□□□□□□□□□□□□□□□
     □                    监狱                            □
     □                     │                             □
     □              大堂─衙门─街─民宅      会议厅      □
     □                          │              │        □  通
 通  □       棺材店 药铺  官宅─道─茶馆       兵营       □  向
 向  西         │    │         │              │        东  洛
 武  城────小街─街道───城中心─操练场─点将台───城  阳
 关  门         │    │         │              │        门  、
     □ 小巷─贫民窟  │ 钱庄─城南街─驿站     马场       □  汝
     □  │     │  杂货铺        ＼                       □  南
     □ 破塔   草屋             石板大路                   □
     □                              ＼                    □
     □                        碎─石板大路                □
     □                        石     │                   □
     □                        路   祭祀台─香烛店         □
     □                        │     │                   □
     □                        │    庙宇                  □
     □□□□□□□□□□□□南城门□□□□□□□□□□□□□

                           通向博望坡

