                              【咸阳地图】
                                               ^北
 ∧∧∧  ∧∧    ∧∧∧∧∧∧ ∧∧∧∧∧    ∧∧∧  ∧∧  ∧∧∧∧∧∧
∧∧∧∧∧  ∧∧∧  ∧∧     ∧∧  ∧  ∧∧∧∧    ∧∧∧  ∧∧  ∧∧
 ∧∧  ∧∧  ∧∧  ∧∧∧   ∧∧∧∧  ∧∧∧  ∧∧∧∧∧∧∧∧  ∧  ∧∧

             □□□□□□□□□□□□□□□□□□□□□□□
             □                ┌───┐                □            
             □┌───┐      │官 宅 │                □
             □│      │      │      │                □
             □│姬  陵│      └─┬─┘                □
             □│      ├─────北──议事厅          □
             □└───┘          │        ┌───┐  □
             □        牢狱  医所─大─军营  │春华楼│  □
             □         │         │   │   │      │  □
             □        大堂─衙门─街  校场  └─┬─┘  □
             西                    │            │      东
（通向陈仓） 城─西─┬大──街─城中心─东──大┼─街─城（通向泾阳） 
             门      │      │    │    │      │      门
             □    探马营  兵器铺  南   客栈    驿站     □
             □                    │                    □
             □        仓库─马场─大─酒馆              □
             □                    │                    □
             □           粪池     街       钱庄         □       
             □            │      │        │          □       
             □    菜园─南城巷─南城巷──南城巷─小庙  □       
             □                                          □       
             □□□□□□□□□□□□□□□□□□□□□□□

≈≈≈≈≈≈≈≈≈≈≈≈≈≈≈≈≈≈≈≈≈≈≈≈≈≈≈≈≈≈≈≈≈≈≈≈
 ≈  ≈≈  ≈≈  ≈≈  ≈渭  ≈≈  ≈≈  ≈≈ 水 ≈≈  ≈≈  ≈≈  ≈≈
≈≈≈≈≈≈≈≈≈≈≈≈≈≈≈≈≈≈≈≈≈≈≈≈≈≈≈≈≈≈≈≈≈≈≈≈
