                           【襄阳地图】
                                                    ^北

    □□□□□□□□□□□□□□□□□□□□□□□□□□□□□
    □                                                      □
    □  坟地─黄土路      布庄─天─打铁铺                  □
    □          ＼              │                          □
    □         屠宰场 ─香烛店─┼─菜市场─杂货店          □
    □           │             │            │            □
    □          肉铺    土地庙─池─民宅     果铺           □
    □           │             │            │            □ 通
 通 □          花店      钱庄─街─当铺     鱼市           □ 向
 向 西           │             │            │            东 长
 澶 城────青石路西────城中心────青石路东────城 坂
 溪 门          ／              │            │            门 坡
    □     青竹小径     驿站─南大街─客栈  兵器铺          □
    □        │                │                          □     
    □       草庐 大堂─衙门─南大街─军营─议事厅          □
    □                          │                          □
    □                      ┌─┴─┐                      □
    □                      │ 官宅 │                      □
    □                      └───┘                      □
    □□□□□□□□□□□□□□□□□□□□□□□□□□□□□
