                           【永安地图】
                                              ^北
                           （通往上庸）
∧∧  ∧  □□□□□□□□□□北城门□□□□□□□□□□
 ∧∧     □                    │                    □
  ∧  ∧∧□              钱庄─扬─金行              □
 ∧∧∧∧ □                    │                    □
∧  巴  ∧□            锦衣店─武─建安米行┌───┐□
 ∧∧     □                    │          │      │□
    ∧∧∧□              酒楼─北─白玉大道┤永安宫│□
 ∧∧∧   □                    │          │      │□
  ∧∧∧  □ ┌──┐     梨园─街─驿站    └───┘□
 ∧∧     □ │    │           │                    东
    ∧∧∧□ │官宅├修文西街─集市───修文东街── 城（通往夷陵）
   ∧∧   □ │    │           │          │        门
  ∧  ∧  □ └──┘     小店─扬─药铺  杂货店      □
∧ ∧∧   □                    │                    □
  ∧∧∧  □        监狱─衙门─武─军营─校场        □
 ∧  ∧∧ □               │   │   │               □
∧∧山  ∧□              内堂  南  马场              □
  ∧∧    □                    │                    □
 ∧∧ ∧∧□              客栈─街─议事厅            □
  ∧∧∧  □                    │                    □
     ∧∧ □□□□□□□□□□南城门□□□□□□□□□□
                           （通往江州）
